Archive member included because of file (symbol)

.\CortexM0\ARM_GCC_473\Debug\Simon_Master_P4.a(cyfitter_cfg.o)
                              .\CortexM0\ARM_GCC_473\Debug\Cm0Start.o (cyfitter_cfg)
.\CortexM0\ARM_GCC_473\Debug\Simon_Master_P4.a(EEPROM.o)
                              .\CortexM0\ARM_GCC_473\Debug\main.o (EEPROM_Start)
.\CortexM0\ARM_GCC_473\Debug\Simon_Master_P4.a(LCD.o)
                              .\CortexM0\ARM_GCC_473\Debug\main.o (LCD_WriteControl)
.\CortexM0\ARM_GCC_473\Debug\Simon_Master_P4.a(I2C.o)
                              .\CortexM0\ARM_GCC_473\Debug\main.o (I2C_Start)
.\CortexM0\ARM_GCC_473\Debug\Simon_Master_P4.a(I2C_I2C.o)
                              .\CortexM0\ARM_GCC_473\Debug\Simon_Master_P4.a(I2C.o) (I2C_I2CInit)
.\CortexM0\ARM_GCC_473\Debug\Simon_Master_P4.a(I2C_I2C_MASTER.o)
                              .\CortexM0\ARM_GCC_473\Debug\Simon_Master_P4.a(I2C_I2C.o) (I2C_mstrStatus)
.\CortexM0\ARM_GCC_473\Debug\Simon_Master_P4.a(Start.o)
                              .\CortexM0\ARM_GCC_473\Debug\main.o (Start_Read)
.\CortexM0\ARM_GCC_473\Debug\Simon_Master_P4.a(LEDreg.o)
                              .\CortexM0\ARM_GCC_473\Debug\main.o (LEDreg_Write)
.\CortexM0\ARM_GCC_473\Debug\Simon_Master_P4.a(ResetHS.o)
                              .\CortexM0\ARM_GCC_473\Debug\main.o (ResetHS_Read)
.\CortexM0\ARM_GCC_473\Debug\Simon_Master_P4.a(Max.o)
                              .\CortexM0\ARM_GCC_473\Debug\main.o (Max_Read)
.\CortexM0\ARM_GCC_473\Debug\Simon_Master_P4.a(I2C_SCB_IRQ.o)
                              .\CortexM0\ARM_GCC_473\Debug\Simon_Master_P4.a(I2C.o) (I2C_SCB_IRQ_Disable)
.\CortexM0\ARM_GCC_473\Debug\Simon_Master_P4.a(I2C_scl.o)
                              .\CortexM0\ARM_GCC_473\Debug\Simon_Master_P4.a(I2C_I2C_MASTER.o) (I2C_scl_Write)
.\CortexM0\ARM_GCC_473\Debug\Simon_Master_P4.a(CyBootAsmGnu.o)
                              .\CortexM0\ARM_GCC_473\Debug\Simon_Master_P4.a(cyfitter_cfg.o) (CyDelayCycles)
.\CortexM0\ARM_GCC_473\Debug\Simon_Master_P4.a(CyFlash.o)
                              .\CortexM0\ARM_GCC_473\Debug\Simon_Master_P4.a(EEPROM.o) (CySysFlashWriteRow)
.\CortexM0\ARM_GCC_473\Debug\Simon_Master_P4.a(CyLib.o)
                              .\CortexM0\ARM_GCC_473\Debug\Simon_Master_P4.a(cyfitter_cfg.o) (CyDelayUs)
.\CortexM0\ARM_GCC_473\Debug\Simon_Master_P4.a(I2C_I2C_INT.o)
                              .\CortexM0\ARM_GCC_473\Debug\Simon_Master_P4.a(I2C_I2C.o) (I2C_I2C_ISR)
c:/program files/cypress/psoc creator/3.0/psoc creator/import/gnu_cs/arm/4.7.3/bin/../lib/gcc/arm-none-eabi/4.7.3/armv6-m\libgcc.a(_udivsi3.o)
                              .\CortexM0\ARM_GCC_473\Debug\Simon_Master_P4.a(LCD.o) (__aeabi_uidiv)
c:/program files/cypress/psoc creator/3.0/psoc creator/import/gnu_cs/arm/4.7.3/bin/../lib/gcc/arm-none-eabi/4.7.3/armv6-m\libgcc.a(_divsi3.o)
                              .\CortexM0\ARM_GCC_473\Debug\Cm0Start.o (__aeabi_idiv)
c:/program files/cypress/psoc creator/3.0/psoc creator/import/gnu_cs/arm/4.7.3/bin/../lib/gcc/arm-none-eabi/4.7.3/armv6-m\libgcc.a(_dvmd_tls.o)
                              c:/program files/cypress/psoc creator/3.0/psoc creator/import/gnu_cs/arm/4.7.3/bin/../lib/gcc/arm-none-eabi/4.7.3/armv6-m\libgcc.a(_udivsi3.o) (__aeabi_idiv0)
c:/program files/cypress/psoc creator/3.0/psoc creator/import/gnu_cs/arm/4.7.3/bin/../lib/gcc/arm-none-eabi/4.7.3/../../../../arm-none-eabi/lib/armv6-m\libc_s.a(lib_a-__atexit2.o)
                              c:/program files/cypress/psoc creator/3.0/psoc creator/import/gnu_cs/arm/4.7.3/bin/../lib/gcc/arm-none-eabi/4.7.3/../../../../arm-none-eabi/lib/armv6-m/crt0.o (__register_exitproc)
c:/program files/cypress/psoc creator/3.0/psoc creator/import/gnu_cs/arm/4.7.3/bin/../lib/gcc/arm-none-eabi/4.7.3/../../../../arm-none-eabi/lib/armv6-m\libc_s.a(lib_a-exit.o)
                              c:/program files/cypress/psoc creator/3.0/psoc creator/import/gnu_cs/arm/4.7.3/bin/../lib/gcc/arm-none-eabi/4.7.3/../../../../arm-none-eabi/lib/armv6-m/crt0.o (exit)
c:/program files/cypress/psoc creator/3.0/psoc creator/import/gnu_cs/arm/4.7.3/bin/../lib/gcc/arm-none-eabi/4.7.3/../../../../arm-none-eabi/lib/armv6-m\libc_s.a(lib_a-fini.o)
                              c:/program files/cypress/psoc creator/3.0/psoc creator/import/gnu_cs/arm/4.7.3/bin/../lib/gcc/arm-none-eabi/4.7.3/../../../../arm-none-eabi/lib/armv6-m/crt0.o (__libc_fini_array)
c:/program files/cypress/psoc creator/3.0/psoc creator/import/gnu_cs/arm/4.7.3/bin/../lib/gcc/arm-none-eabi/4.7.3/../../../../arm-none-eabi/lib/armv6-m\libc_s.a(lib_a-impure.o)
                              c:/program files/cypress/psoc creator/3.0/psoc creator/import/gnu_cs/arm/4.7.3/bin/../lib/gcc/arm-none-eabi/4.7.3/../../../../arm-none-eabi/lib/armv6-m\libc_s.a(lib_a-exit.o) (_global_impure_ptr)
c:/program files/cypress/psoc creator/3.0/psoc creator/import/gnu_cs/arm/4.7.3/bin/../lib/gcc/arm-none-eabi/4.7.3/../../../../arm-none-eabi/lib/armv6-m\libc_s.a(lib_a-init.o)
                              c:/program files/cypress/psoc creator/3.0/psoc creator/import/gnu_cs/arm/4.7.3/bin/../lib/gcc/arm-none-eabi/4.7.3/../../../../arm-none-eabi/lib/armv6-m/crt0.o (__libc_init_array)
c:/program files/cypress/psoc creator/3.0/psoc creator/import/gnu_cs/arm/4.7.3/bin/../lib/gcc/arm-none-eabi/4.7.3/../../../../arm-none-eabi/lib/armv6-m\libc_s.a(lib_a-memcpy.o)
                              .\CortexM0\ARM_GCC_473\Debug\Simon_Master_P4.a(cyfitter_cfg.o) (memcpy)
c:/program files/cypress/psoc creator/3.0/psoc creator/import/gnu_cs/arm/4.7.3/bin/../lib/gcc/arm-none-eabi/4.7.3/../../../../arm-none-eabi/lib/armv6-m\libc_s.a(lib_a-memset.o)
                              c:/program files/cypress/psoc creator/3.0/psoc creator/import/gnu_cs/arm/4.7.3/bin/../lib/gcc/arm-none-eabi/4.7.3/../../../../arm-none-eabi/lib/armv6-m/crt0.o (memset)
c:/program files/cypress/psoc creator/3.0/psoc creator/import/gnu_cs/arm/4.7.3/bin/../lib/gcc/arm-none-eabi/4.7.3/../../../../arm-none-eabi/lib/armv6-m\libc_s.a(lib_a-rand.o)
                              .\CortexM0\ARM_GCC_473\Debug\main.o (srand)
c:/program files/cypress/psoc creator/3.0/psoc creator/import/gnu_cs/arm/4.7.3/bin/../lib/gcc/arm-none-eabi/4.7.3/../../../../arm-none-eabi/lib/armv6-m\libc_s.a(lib_a-malloc.o)
                              c:/program files/cypress/psoc creator/3.0/psoc creator/import/gnu_cs/arm/4.7.3/bin/../lib/gcc/arm-none-eabi/4.7.3/../../../../arm-none-eabi/lib/armv6-m\libc_s.a(lib_a-rand.o) (malloc)
c:/program files/cypress/psoc creator/3.0/psoc creator/import/gnu_cs/arm/4.7.3/bin/../lib/gcc/arm-none-eabi/4.7.3/../../../../arm-none-eabi/lib/armv6-m\libc_s.a(lib_a-mallocr.o)
                              c:/program files/cypress/psoc creator/3.0/psoc creator/import/gnu_cs/arm/4.7.3/bin/../lib/gcc/arm-none-eabi/4.7.3/../../../../arm-none-eabi/lib/armv6-m\libc_s.a(lib_a-malloc.o) (_malloc_r)
c:/program files/cypress/psoc creator/3.0/psoc creator/import/gnu_cs/arm/4.7.3/bin/../lib/gcc/arm-none-eabi/4.7.3/../../../../arm-none-eabi/lib/armv6-m\libc_s.a(lib_a-sbrkr.o)
                              c:/program files/cypress/psoc creator/3.0/psoc creator/import/gnu_cs/arm/4.7.3/bin/../lib/gcc/arm-none-eabi/4.7.3/../../../../arm-none-eabi/lib/armv6-m\libc_s.a(lib_a-mallocr.o) (_sbrk_r)
c:/program files/cypress/psoc creator/3.0/psoc creator/import/gnu_cs/arm/4.7.3/bin/../lib/gcc/arm-none-eabi/4.7.3/../../../../arm-none-eabi/lib/armv6-m\libc_s.a(lib_a-freer.o)
                              c:/program files/cypress/psoc creator/3.0/psoc creator/import/gnu_cs/arm/4.7.3/bin/../lib/gcc/arm-none-eabi/4.7.3/../../../../arm-none-eabi/lib/armv6-m\libc_s.a(lib_a-malloc.o) (_free_r)
c:/program files/cypress/psoc creator/3.0/psoc creator/import/gnu_cs/arm/4.7.3/bin/../lib/gcc/arm-none-eabi/4.7.3/../../../../arm-none-eabi/lib/armv6-m\libc_s.a(lib_a-reent.o)
                              c:/program files/cypress/psoc creator/3.0/psoc creator/import/gnu_cs/arm/4.7.3/bin/../lib/gcc/arm-none-eabi/4.7.3/../../../../arm-none-eabi/lib/armv6-m\libc_s.a(lib_a-sbrkr.o) (errno)
c:/program files/cypress/psoc creator/3.0/psoc creator/import/gnu_cs/arm/4.7.3/bin/../lib/gcc/arm-none-eabi/4.7.3/armv6-m\libgcc.a(_muldi3.o)
                              c:/program files/cypress/psoc creator/3.0/psoc creator/import/gnu_cs/arm/4.7.3/bin/../lib/gcc/arm-none-eabi/4.7.3/../../../../arm-none-eabi/lib/armv6-m\libc_s.a(lib_a-rand.o) (__aeabi_lmul)
c:/program files/cypress/psoc creator/3.0/psoc creator/import/gnu_cs/arm/4.7.3/bin/../lib/gcc/arm-none-eabi/4.7.3/../../../../arm-none-eabi/lib/armv6-m\libnosys.a(sbrk.o)
                              c:/program files/cypress/psoc creator/3.0/psoc creator/import/gnu_cs/arm/4.7.3/bin/../lib/gcc/arm-none-eabi/4.7.3/../../../../arm-none-eabi/lib/armv6-m\libc_s.a(lib_a-sbrkr.o) (_sbrk)

Allocating common symbols
Common symbol       size              file

I2C_mstrWrBufIndexTmp
                    0x4               .\CortexM0\ARM_GCC_473\Debug\Simon_Master_P4.a(I2C_I2C_MASTER.o)
errno               0x4               c:/program files/cypress/psoc creator/3.0/psoc creator/import/gnu_cs/arm/4.7.3/bin/../lib/gcc/arm-none-eabi/4.7.3/../../../../arm-none-eabi/lib/armv6-m\libc_s.a(lib_a-reent.o)
wrData              0x2               .\CortexM0\ARM_GCC_473\Debug\main.o
I2C_state           0x1               .\CortexM0\ARM_GCC_473\Debug\Simon_Master_P4.a(I2C_I2C.o)
I2C_mstrWrBufIndex  0x4               .\CortexM0\ARM_GCC_473\Debug\Simon_Master_P4.a(I2C_I2C_MASTER.o)
I2C_mstrWrBufSize   0x4               .\CortexM0\ARM_GCC_473\Debug\Simon_Master_P4.a(I2C_I2C_MASTER.o)
I2C_mstrStatus      0x2               .\CortexM0\ARM_GCC_473\Debug\Simon_Master_P4.a(I2C_I2C_MASTER.o)
I2C_mstrRdBufPtr    0x4               .\CortexM0\ARM_GCC_473\Debug\Simon_Master_P4.a(I2C_I2C_MASTER.o)
I2C_mstrControl     0x1               .\CortexM0\ARM_GCC_473\Debug\Simon_Master_P4.a(I2C_I2C_MASTER.o)
I2C_mstrRdBufSize   0x4               .\CortexM0\ARM_GCC_473\Debug\Simon_Master_P4.a(I2C_I2C_MASTER.o)
I2C_mstrRdBufIndex  0x4               .\CortexM0\ARM_GCC_473\Debug\Simon_Master_P4.a(I2C_I2C_MASTER.o)
I2C_mstrWrBufPtr    0x4               .\CortexM0\ARM_GCC_473\Debug\Simon_Master_P4.a(I2C_I2C_MASTER.o)
status              0x1               .\CortexM0\ARM_GCC_473\Debug\main.o

Discarded input sections

 .text          0x00000000        0x0 c:/program files/cypress/psoc creator/3.0/psoc creator/import/gnu_cs/arm/4.7.3/bin/../lib/gcc/arm-none-eabi/4.7.3/armv6-m/crti.o
 .data          0x00000000        0x0 c:/program files/cypress/psoc creator/3.0/psoc creator/import/gnu_cs/arm/4.7.3/bin/../lib/gcc/arm-none-eabi/4.7.3/armv6-m/crti.o
 .bss           0x00000000        0x0 c:/program files/cypress/psoc creator/3.0/psoc creator/import/gnu_cs/arm/4.7.3/bin/../lib/gcc/arm-none-eabi/4.7.3/armv6-m/crti.o
 .data          0x00000000        0x4 c:/program files/cypress/psoc creator/3.0/psoc creator/import/gnu_cs/arm/4.7.3/bin/../lib/gcc/arm-none-eabi/4.7.3/armv6-m/crtbegin.o
 .text          0x00000000       0x74 c:/program files/cypress/psoc creator/3.0/psoc creator/import/gnu_cs/arm/4.7.3/bin/../lib/gcc/arm-none-eabi/4.7.3/../../../../arm-none-eabi/lib/armv6-m/crt0.o
 .data          0x00000000        0x0 c:/program files/cypress/psoc creator/3.0/psoc creator/import/gnu_cs/arm/4.7.3/bin/../lib/gcc/arm-none-eabi/4.7.3/../../../../arm-none-eabi/lib/armv6-m/crt0.o
 .bss           0x00000000        0x0 c:/program files/cypress/psoc creator/3.0/psoc creator/import/gnu_cs/arm/4.7.3/bin/../lib/gcc/arm-none-eabi/4.7.3/../../../../arm-none-eabi/lib/armv6-m/crt0.o
 .ARM.extab     0x00000000        0x0 c:/program files/cypress/psoc creator/3.0/psoc creator/import/gnu_cs/arm/4.7.3/bin/../lib/gcc/arm-none-eabi/4.7.3/../../../../arm-none-eabi/lib/armv6-m/crt0.o
 .ARM.exidx     0x00000000        0x8 c:/program files/cypress/psoc creator/3.0/psoc creator/import/gnu_cs/arm/4.7.3/bin/../lib/gcc/arm-none-eabi/4.7.3/../../../../arm-none-eabi/lib/armv6-m/crt0.o
 .text          0x00000000        0x0 .\CortexM0\ARM_GCC_473\Debug\main.o
 .data          0x00000000        0x0 .\CortexM0\ARM_GCC_473\Debug\main.o
 .text          0x00000000        0x0 .\CortexM0\ARM_GCC_473\Debug\cymetadata.o
 .data          0x00000000        0x0 .\CortexM0\ARM_GCC_473\Debug\cymetadata.o
 .bss           0x00000000        0x0 .\CortexM0\ARM_GCC_473\Debug\cymetadata.o
 .text          0x00000000        0x0 .\CortexM0\ARM_GCC_473\Debug\Cm0Start.o
 .data          0x00000000        0x0 .\CortexM0\ARM_GCC_473\Debug\Cm0Start.o
 .bss           0x00000000        0x0 .\CortexM0\ARM_GCC_473\Debug\Cm0Start.o
 .text._exit    0x00000000       0x28 .\CortexM0\ARM_GCC_473\Debug\Cm0Start.o
 .text          0x00000000        0x0 .\CortexM0\ARM_GCC_473\Debug\Simon_Master_P4.a(cyfitter_cfg.o)
 .bss           0x00000000        0x0 .\CortexM0\ARM_GCC_473\Debug\Simon_Master_P4.a(cyfitter_cfg.o)
 .text.CYCONFIGCPY
                0x00000000       0x24 .\CortexM0\ARM_GCC_473\Debug\Simon_Master_P4.a(cyfitter_cfg.o)
 .text.CYCONFIGCPYCODE
                0x00000000       0x24 .\CortexM0\ARM_GCC_473\Debug\Simon_Master_P4.a(cyfitter_cfg.o)
 .text          0x00000000        0x0 .\CortexM0\ARM_GCC_473\Debug\Simon_Master_P4.a(EEPROM.o)
 .data          0x00000000        0x0 .\CortexM0\ARM_GCC_473\Debug\Simon_Master_P4.a(EEPROM.o)
 .bss           0x00000000        0x0 .\CortexM0\ARM_GCC_473\Debug\Simon_Master_P4.a(EEPROM.o)
 .text.EEPROM_Stop
                0x00000000        0x8 .\CortexM0\ARM_GCC_473\Debug\Simon_Master_P4.a(EEPROM.o)
 .text          0x00000000        0x0 .\CortexM0\ARM_GCC_473\Debug\Simon_Master_P4.a(LCD.o)
 .data          0x00000000        0x0 .\CortexM0\ARM_GCC_473\Debug\Simon_Master_P4.a(LCD.o)
 .text.LCD_Stop
                0x00000000       0x18 .\CortexM0\ARM_GCC_473\Debug\Simon_Master_P4.a(LCD.o)
 .text.LCD_PrintInt8
                0x00000000       0x3c .\CortexM0\ARM_GCC_473\Debug\Simon_Master_P4.a(LCD.o)
 .text.LCD_PrintInt16
                0x00000000       0x30 .\CortexM0\ARM_GCC_473\Debug\Simon_Master_P4.a(LCD.o)
 .rodata        0x00000000       0x10 .\CortexM0\ARM_GCC_473\Debug\Simon_Master_P4.a(LCD.o)
 .text          0x00000000        0x0 .\CortexM0\ARM_GCC_473\Debug\Simon_Master_P4.a(I2C.o)
 .data          0x00000000        0x0 .\CortexM0\ARM_GCC_473\Debug\Simon_Master_P4.a(I2C.o)
 .text.I2C_Stop
                0x00000000       0x24 .\CortexM0\ARM_GCC_473\Debug\Simon_Master_P4.a(I2C.o)
 .text.I2C_SetCustomInterruptHandler
                0x00000000       0x18 .\CortexM0\ARM_GCC_473\Debug\Simon_Master_P4.a(I2C.o)
 .text.I2C_ScbModeStop
                0x00000000        0xc .\CortexM0\ARM_GCC_473\Debug\Simon_Master_P4.a(I2C.o)
 .text          0x00000000        0x0 .\CortexM0\ARM_GCC_473\Debug\Simon_Master_P4.a(I2C_I2C.o)
 .data          0x00000000        0x0 .\CortexM0\ARM_GCC_473\Debug\Simon_Master_P4.a(I2C_I2C.o)
 .bss           0x00000000        0x0 .\CortexM0\ARM_GCC_473\Debug\Simon_Master_P4.a(I2C_I2C.o)
 .text.I2C_I2CStop
                0x00000000       0x14 .\CortexM0\ARM_GCC_473\Debug\Simon_Master_P4.a(I2C_I2C.o)
 .text          0x00000000        0x0 .\CortexM0\ARM_GCC_473\Debug\Simon_Master_P4.a(I2C_I2C_MASTER.o)
 .data          0x00000000        0x0 .\CortexM0\ARM_GCC_473\Debug\Simon_Master_P4.a(I2C_I2C_MASTER.o)
 .bss           0x00000000        0x0 .\CortexM0\ARM_GCC_473\Debug\Simon_Master_P4.a(I2C_I2C_MASTER.o)
 .text.I2C_I2CMasterSendStart
                0x00000000      0x138 .\CortexM0\ARM_GCC_473\Debug\Simon_Master_P4.a(I2C_I2C_MASTER.o)
 .text.I2C_I2CMasterSendRestart
                0x00000000      0x130 .\CortexM0\ARM_GCC_473\Debug\Simon_Master_P4.a(I2C_I2C_MASTER.o)
 .text.I2C_I2CMasterSendStop
                0x00000000       0xd8 .\CortexM0\ARM_GCC_473\Debug\Simon_Master_P4.a(I2C_I2C_MASTER.o)
 .text.I2C_I2CMasterWriteByte
                0x00000000       0xf4 .\CortexM0\ARM_GCC_473\Debug\Simon_Master_P4.a(I2C_I2C_MASTER.o)
 .text.I2C_I2CMasterReadByte
                0x00000000       0xc4 .\CortexM0\ARM_GCC_473\Debug\Simon_Master_P4.a(I2C_I2C_MASTER.o)
 .text.I2C_I2CMasterGetReadBufSize
                0x00000000       0x14 .\CortexM0\ARM_GCC_473\Debug\Simon_Master_P4.a(I2C_I2C_MASTER.o)
 .text.I2C_I2CMasterGetWriteBufSize
                0x00000000       0x14 .\CortexM0\ARM_GCC_473\Debug\Simon_Master_P4.a(I2C_I2C_MASTER.o)
 .text.I2C_I2CMasterClearReadBuf
                0x00000000       0x28 .\CortexM0\ARM_GCC_473\Debug\Simon_Master_P4.a(I2C_I2C_MASTER.o)
 .text.I2C_I2CMasterClearWriteBuf
                0x00000000       0x28 .\CortexM0\ARM_GCC_473\Debug\Simon_Master_P4.a(I2C_I2C_MASTER.o)
 .text          0x00000000        0x0 .\CortexM0\ARM_GCC_473\Debug\Simon_Master_P4.a(Start.o)
 .data          0x00000000        0x0 .\CortexM0\ARM_GCC_473\Debug\Simon_Master_P4.a(Start.o)
 .bss           0x00000000        0x0 .\CortexM0\ARM_GCC_473\Debug\Simon_Master_P4.a(Start.o)
 .text.Start_Write
                0x00000000       0x4c .\CortexM0\ARM_GCC_473\Debug\Simon_Master_P4.a(Start.o)
 .text.Start_SetDriveMode
                0x00000000       0x30 .\CortexM0\ARM_GCC_473\Debug\Simon_Master_P4.a(Start.o)
 .text.Start_ReadDataReg
                0x00000000       0x1c .\CortexM0\ARM_GCC_473\Debug\Simon_Master_P4.a(Start.o)
 .text.Start_ClearInterrupt
                0x00000000       0x30 .\CortexM0\ARM_GCC_473\Debug\Simon_Master_P4.a(Start.o)
 .text          0x00000000        0x0 .\CortexM0\ARM_GCC_473\Debug\Simon_Master_P4.a(LEDreg.o)
 .data          0x00000000        0x0 .\CortexM0\ARM_GCC_473\Debug\Simon_Master_P4.a(LEDreg.o)
 .bss           0x00000000        0x0 .\CortexM0\ARM_GCC_473\Debug\Simon_Master_P4.a(LEDreg.o)
 .text.LEDreg_Read
                0x00000000       0x14 .\CortexM0\ARM_GCC_473\Debug\Simon_Master_P4.a(LEDreg.o)
 .text          0x00000000        0x0 .\CortexM0\ARM_GCC_473\Debug\Simon_Master_P4.a(ResetHS.o)
 .data          0x00000000        0x0 .\CortexM0\ARM_GCC_473\Debug\Simon_Master_P4.a(ResetHS.o)
 .bss           0x00000000        0x0 .\CortexM0\ARM_GCC_473\Debug\Simon_Master_P4.a(ResetHS.o)
 .text.ResetHS_Write
                0x00000000       0x4c .\CortexM0\ARM_GCC_473\Debug\Simon_Master_P4.a(ResetHS.o)
 .text.ResetHS_SetDriveMode
                0x00000000       0x30 .\CortexM0\ARM_GCC_473\Debug\Simon_Master_P4.a(ResetHS.o)
 .text.ResetHS_ReadDataReg
                0x00000000       0x1c .\CortexM0\ARM_GCC_473\Debug\Simon_Master_P4.a(ResetHS.o)
 .text.ResetHS_ClearInterrupt
                0x00000000       0x30 .\CortexM0\ARM_GCC_473\Debug\Simon_Master_P4.a(ResetHS.o)
 .text          0x00000000        0x0 .\CortexM0\ARM_GCC_473\Debug\Simon_Master_P4.a(Max.o)
 .data          0x00000000        0x0 .\CortexM0\ARM_GCC_473\Debug\Simon_Master_P4.a(Max.o)
 .bss           0x00000000        0x0 .\CortexM0\ARM_GCC_473\Debug\Simon_Master_P4.a(Max.o)
 .text.Max_Write
                0x00000000       0x4c .\CortexM0\ARM_GCC_473\Debug\Simon_Master_P4.a(Max.o)
 .text.Max_SetDriveMode
                0x00000000       0x30 .\CortexM0\ARM_GCC_473\Debug\Simon_Master_P4.a(Max.o)
 .text.Max_ReadDataReg
                0x00000000       0x1c .\CortexM0\ARM_GCC_473\Debug\Simon_Master_P4.a(Max.o)
 .text.Max_ClearInterrupt
                0x00000000       0x30 .\CortexM0\ARM_GCC_473\Debug\Simon_Master_P4.a(Max.o)
 .text          0x00000000        0x0 .\CortexM0\ARM_GCC_473\Debug\Simon_Master_P4.a(I2C_SCB_IRQ.o)
 .data          0x00000000        0x0 .\CortexM0\ARM_GCC_473\Debug\Simon_Master_P4.a(I2C_SCB_IRQ.o)
 .bss           0x00000000        0x0 .\CortexM0\ARM_GCC_473\Debug\Simon_Master_P4.a(I2C_SCB_IRQ.o)
 .text.I2C_SCB_IRQ_Start
                0x00000000       0x24 .\CortexM0\ARM_GCC_473\Debug\Simon_Master_P4.a(I2C_SCB_IRQ.o)
 .text.I2C_SCB_IRQ_StartEx
                0x00000000       0x24 .\CortexM0\ARM_GCC_473\Debug\Simon_Master_P4.a(I2C_SCB_IRQ.o)
 .text.I2C_SCB_IRQ_Stop
                0x00000000       0x18 .\CortexM0\ARM_GCC_473\Debug\Simon_Master_P4.a(I2C_SCB_IRQ.o)
 .text.I2C_SCB_IRQ_Interrupt
                0x00000000        0x8 .\CortexM0\ARM_GCC_473\Debug\Simon_Master_P4.a(I2C_SCB_IRQ.o)
 .text.I2C_SCB_IRQ_GetVector
                0x00000000       0x14 .\CortexM0\ARM_GCC_473\Debug\Simon_Master_P4.a(I2C_SCB_IRQ.o)
 .text.I2C_SCB_IRQ_GetPriority
                0x00000000       0x2c .\CortexM0\ARM_GCC_473\Debug\Simon_Master_P4.a(I2C_SCB_IRQ.o)
 .text.I2C_SCB_IRQ_GetState
                0x00000000       0x20 .\CortexM0\ARM_GCC_473\Debug\Simon_Master_P4.a(I2C_SCB_IRQ.o)
 .text.I2C_SCB_IRQ_SetPending
                0x00000000       0x14 .\CortexM0\ARM_GCC_473\Debug\Simon_Master_P4.a(I2C_SCB_IRQ.o)
 .text.I2C_SCB_IRQ_ClearPending
                0x00000000       0x14 .\CortexM0\ARM_GCC_473\Debug\Simon_Master_P4.a(I2C_SCB_IRQ.o)
 .text          0x00000000        0x0 .\CortexM0\ARM_GCC_473\Debug\Simon_Master_P4.a(I2C_scl.o)
 .data          0x00000000        0x0 .\CortexM0\ARM_GCC_473\Debug\Simon_Master_P4.a(I2C_scl.o)
 .bss           0x00000000        0x0 .\CortexM0\ARM_GCC_473\Debug\Simon_Master_P4.a(I2C_scl.o)
 .text.I2C_scl_SetDriveMode
                0x00000000       0x2c .\CortexM0\ARM_GCC_473\Debug\Simon_Master_P4.a(I2C_scl.o)
 .text.I2C_scl_Read
                0x00000000       0x1c .\CortexM0\ARM_GCC_473\Debug\Simon_Master_P4.a(I2C_scl.o)
 .text.I2C_scl_ReadDataReg
                0x00000000       0x1c .\CortexM0\ARM_GCC_473\Debug\Simon_Master_P4.a(I2C_scl.o)
 .text.I2C_scl_ClearInterrupt
                0x00000000       0x2c .\CortexM0\ARM_GCC_473\Debug\Simon_Master_P4.a(I2C_scl.o)
 .data          0x00000000        0x0 .\CortexM0\ARM_GCC_473\Debug\Simon_Master_P4.a(CyBootAsmGnu.o)
 .bss           0x00000000        0x0 .\CortexM0\ARM_GCC_473\Debug\Simon_Master_P4.a(CyBootAsmGnu.o)
 .text          0x00000000        0x0 .\CortexM0\ARM_GCC_473\Debug\Simon_Master_P4.a(CyFlash.o)
 .data          0x00000000        0x0 .\CortexM0\ARM_GCC_473\Debug\Simon_Master_P4.a(CyFlash.o)
 .bss           0x00000000        0x0 .\CortexM0\ARM_GCC_473\Debug\Simon_Master_P4.a(CyFlash.o)
 .text.CySysFlashSetWaitCycles
                0x00000000       0x4c .\CortexM0\ARM_GCC_473\Debug\Simon_Master_P4.a(CyFlash.o)
 .text          0x00000000        0x0 .\CortexM0\ARM_GCC_473\Debug\Simon_Master_P4.a(CyLib.o)
 .bss           0x00000000        0x0 .\CortexM0\ARM_GCC_473\Debug\Simon_Master_P4.a(CyLib.o)
 .text.CySysClkImoStart
                0x00000000       0x1c .\CortexM0\ARM_GCC_473\Debug\Simon_Master_P4.a(CyLib.o)
 .text.CySysClkImoStop
                0x00000000       0x18 .\CortexM0\ARM_GCC_473\Debug\Simon_Master_P4.a(CyLib.o)
 .text.CySysClkIloStart
                0x00000000       0x1c .\CortexM0\ARM_GCC_473\Debug\Simon_Master_P4.a(CyLib.o)
 .text.CySysClkIloStop
                0x00000000       0x18 .\CortexM0\ARM_GCC_473\Debug\Simon_Master_P4.a(CyLib.o)
 .text.CySysClkWriteHfclkDirect
                0x00000000       0x2c .\CortexM0\ARM_GCC_473\Debug\Simon_Master_P4.a(CyLib.o)
 .text.CySysClkWriteSysclkDiv
                0x00000000       0x2c .\CortexM0\ARM_GCC_473\Debug\Simon_Master_P4.a(CyLib.o)
 .text.CySysClkWriteImoFreq
                0x00000000      0x200 .\CortexM0\ARM_GCC_473\Debug\Simon_Master_P4.a(CyLib.o)
 .text.CySysWdtLock
                0x00000000       0x44 .\CortexM0\ARM_GCC_473\Debug\Simon_Master_P4.a(CyLib.o)
 .text.CySysWdtUnlock
                0x00000000       0x5c .\CortexM0\ARM_GCC_473\Debug\Simon_Master_P4.a(CyLib.o)
 .text.CySysWdtReadEnabledStatus
                0x00000000       0x30 .\CortexM0\ARM_GCC_473\Debug\Simon_Master_P4.a(CyLib.o)
 .text.CySysWdtWriteMode
                0x00000000       0x70 .\CortexM0\ARM_GCC_473\Debug\Simon_Master_P4.a(CyLib.o)
 .text.CySysWdtReadMode
                0x00000000       0x24 .\CortexM0\ARM_GCC_473\Debug\Simon_Master_P4.a(CyLib.o)
 .text.CySysWdtWriteClearOnMatch
                0x00000000       0x68 .\CortexM0\ARM_GCC_473\Debug\Simon_Master_P4.a(CyLib.o)
 .text.CySysWdtReadClearOnMatch
                0x00000000       0x40 .\CortexM0\ARM_GCC_473\Debug\Simon_Master_P4.a(CyLib.o)
 .text.CySysWdtEnable
                0x00000000       0x30 .\CortexM0\ARM_GCC_473\Debug\Simon_Master_P4.a(CyLib.o)
 .text.CySysWdtDisable
                0x00000000       0x30 .\CortexM0\ARM_GCC_473\Debug\Simon_Master_P4.a(CyLib.o)
 .text.CySysWdtWriteCascade
                0x00000000       0x68 .\CortexM0\ARM_GCC_473\Debug\Simon_Master_P4.a(CyLib.o)
 .text.CySysWdtReadCascade
                0x00000000       0x1c .\CortexM0\ARM_GCC_473\Debug\Simon_Master_P4.a(CyLib.o)
 .text.CySysWdtWriteMatch
                0x00000000       0x74 .\CortexM0\ARM_GCC_473\Debug\Simon_Master_P4.a(CyLib.o)
 .text.CySysWdtWriteToggleBit
                0x00000000       0x54 .\CortexM0\ARM_GCC_473\Debug\Simon_Master_P4.a(CyLib.o)
 .text.CySysWdtReadToggleBit
                0x00000000       0x18 .\CortexM0\ARM_GCC_473\Debug\Simon_Master_P4.a(CyLib.o)
 .text.CySysWdtReadMatch
                0x00000000       0x44 .\CortexM0\ARM_GCC_473\Debug\Simon_Master_P4.a(CyLib.o)
 .text.CySysWdtReadCount
                0x00000000       0x54 .\CortexM0\ARM_GCC_473\Debug\Simon_Master_P4.a(CyLib.o)
 .text.CySysWdtGetInterruptSource
                0x00000000       0x1c .\CortexM0\ARM_GCC_473\Debug\Simon_Master_P4.a(CyLib.o)
 .text.CySysWdtClearInterrupt
                0x00000000       0xac .\CortexM0\ARM_GCC_473\Debug\Simon_Master_P4.a(CyLib.o)
 .text.CySysWdtResetCounters
                0x00000000       0x38 .\CortexM0\ARM_GCC_473\Debug\Simon_Master_P4.a(CyLib.o)
 .text.CySysLvdEnable
                0x00000000       0x48 .\CortexM0\ARM_GCC_473\Debug\Simon_Master_P4.a(CyLib.o)
 .text.CySysLvdDisable
                0x00000000       0x28 .\CortexM0\ARM_GCC_473\Debug\Simon_Master_P4.a(CyLib.o)
 .text.CySysLvdGetInterruptSource
                0x00000000       0x18 .\CortexM0\ARM_GCC_473\Debug\Simon_Master_P4.a(CyLib.o)
 .text.CySysLvdClearInterrupt
                0x00000000       0x14 .\CortexM0\ARM_GCC_473\Debug\Simon_Master_P4.a(CyLib.o)
 .text.CyDisableInts
                0x00000000       0x24 .\CortexM0\ARM_GCC_473\Debug\Simon_Master_P4.a(CyLib.o)
 .text.CyEnableInts
                0x00000000       0x18 .\CortexM0\ARM_GCC_473\Debug\Simon_Master_P4.a(CyLib.o)
 .text.CyIntSetSysVector
                0x00000000       0x48 .\CortexM0\ARM_GCC_473\Debug\Simon_Master_P4.a(CyLib.o)
 .text.CyIntGetSysVector
                0x00000000       0x34 .\CortexM0\ARM_GCC_473\Debug\Simon_Master_P4.a(CyLib.o)
 .text.CyIntSetVector
                0x00000000       0x4c .\CortexM0\ARM_GCC_473\Debug\Simon_Master_P4.a(CyLib.o)
 .text.CyIntGetVector
                0x00000000       0x38 .\CortexM0\ARM_GCC_473\Debug\Simon_Master_P4.a(CyLib.o)
 .text.CyIntSetPriority
                0x00000000       0xa8 .\CortexM0\ARM_GCC_473\Debug\Simon_Master_P4.a(CyLib.o)
 .text.CyIntGetPriority
                0x00000000       0x58 .\CortexM0\ARM_GCC_473\Debug\Simon_Master_P4.a(CyLib.o)
 .text.CyIntEnable
                0x00000000       0x2c .\CortexM0\ARM_GCC_473\Debug\Simon_Master_P4.a(CyLib.o)
 .text.CyIntGetState
                0x00000000       0x34 .\CortexM0\ARM_GCC_473\Debug\Simon_Master_P4.a(CyLib.o)
 .text.CyIntDisable
                0x00000000       0x2c .\CortexM0\ARM_GCC_473\Debug\Simon_Master_P4.a(CyLib.o)
 .text.CyIntSetPending
                0x00000000       0x2c .\CortexM0\ARM_GCC_473\Debug\Simon_Master_P4.a(CyLib.o)
 .text.CyIntClearPending
                0x00000000       0x2c .\CortexM0\ARM_GCC_473\Debug\Simon_Master_P4.a(CyLib.o)
 .text.CyHalt   0x00000000       0x14 .\CortexM0\ARM_GCC_473\Debug\Simon_Master_P4.a(CyLib.o)
 .text.CySoftwareReset
                0x00000000       0x20 .\CortexM0\ARM_GCC_473\Debug\Simon_Master_P4.a(CyLib.o)
 .text.CyDelayFreq
                0x00000000       0x80 .\CortexM0\ARM_GCC_473\Debug\Simon_Master_P4.a(CyLib.o)
 .rodata        0x00000000       0x30 .\CortexM0\ARM_GCC_473\Debug\Simon_Master_P4.a(CyLib.o)
 .text          0x00000000        0x0 .\CortexM0\ARM_GCC_473\Debug\Simon_Master_P4.a(I2C_I2C_INT.o)
 .data          0x00000000        0x0 .\CortexM0\ARM_GCC_473\Debug\Simon_Master_P4.a(I2C_I2C_INT.o)
 .bss           0x00000000        0x0 .\CortexM0\ARM_GCC_473\Debug\Simon_Master_P4.a(I2C_I2C_INT.o)
 .data          0x00000000        0x0 c:/program files/cypress/psoc creator/3.0/psoc creator/import/gnu_cs/arm/4.7.3/bin/../lib/gcc/arm-none-eabi/4.7.3/armv6-m\libgcc.a(_udivsi3.o)
 .bss           0x00000000        0x0 c:/program files/cypress/psoc creator/3.0/psoc creator/import/gnu_cs/arm/4.7.3/bin/../lib/gcc/arm-none-eabi/4.7.3/armv6-m\libgcc.a(_udivsi3.o)
 .text          0x00000000       0xc0 c:/program files/cypress/psoc creator/3.0/psoc creator/import/gnu_cs/arm/4.7.3/bin/../lib/gcc/arm-none-eabi/4.7.3/armv6-m\libgcc.a(_divsi3.o)
 .data          0x00000000        0x0 c:/program files/cypress/psoc creator/3.0/psoc creator/import/gnu_cs/arm/4.7.3/bin/../lib/gcc/arm-none-eabi/4.7.3/armv6-m\libgcc.a(_divsi3.o)
 .bss           0x00000000        0x0 c:/program files/cypress/psoc creator/3.0/psoc creator/import/gnu_cs/arm/4.7.3/bin/../lib/gcc/arm-none-eabi/4.7.3/armv6-m\libgcc.a(_divsi3.o)
 .data          0x00000000        0x0 c:/program files/cypress/psoc creator/3.0/psoc creator/import/gnu_cs/arm/4.7.3/bin/../lib/gcc/arm-none-eabi/4.7.3/armv6-m\libgcc.a(_dvmd_tls.o)
 .bss           0x00000000        0x0 c:/program files/cypress/psoc creator/3.0/psoc creator/import/gnu_cs/arm/4.7.3/bin/../lib/gcc/arm-none-eabi/4.7.3/armv6-m\libgcc.a(_dvmd_tls.o)
 .text          0x00000000        0x0 c:/program files/cypress/psoc creator/3.0/psoc creator/import/gnu_cs/arm/4.7.3/bin/../lib/gcc/arm-none-eabi/4.7.3/../../../../arm-none-eabi/lib/armv6-m\libc_s.a(lib_a-__atexit2.o)
 .data          0x00000000        0x0 c:/program files/cypress/psoc creator/3.0/psoc creator/import/gnu_cs/arm/4.7.3/bin/../lib/gcc/arm-none-eabi/4.7.3/../../../../arm-none-eabi/lib/armv6-m\libc_s.a(lib_a-__atexit2.o)
 .bss           0x00000000        0x0 c:/program files/cypress/psoc creator/3.0/psoc creator/import/gnu_cs/arm/4.7.3/bin/../lib/gcc/arm-none-eabi/4.7.3/../../../../arm-none-eabi/lib/armv6-m\libc_s.a(lib_a-__atexit2.o)
 .text.__register_exitproc
                0x00000000       0x18 c:/program files/cypress/psoc creator/3.0/psoc creator/import/gnu_cs/arm/4.7.3/bin/../lib/gcc/arm-none-eabi/4.7.3/../../../../arm-none-eabi/lib/armv6-m\libc_s.a(lib_a-__atexit2.o)
 .text          0x00000000        0x0 c:/program files/cypress/psoc creator/3.0/psoc creator/import/gnu_cs/arm/4.7.3/bin/../lib/gcc/arm-none-eabi/4.7.3/../../../../arm-none-eabi/lib/armv6-m\libc_s.a(lib_a-exit.o)
 .data          0x00000000        0x0 c:/program files/cypress/psoc creator/3.0/psoc creator/import/gnu_cs/arm/4.7.3/bin/../lib/gcc/arm-none-eabi/4.7.3/../../../../arm-none-eabi/lib/armv6-m\libc_s.a(lib_a-exit.o)
 .bss           0x00000000        0x0 c:/program files/cypress/psoc creator/3.0/psoc creator/import/gnu_cs/arm/4.7.3/bin/../lib/gcc/arm-none-eabi/4.7.3/../../../../arm-none-eabi/lib/armv6-m\libc_s.a(lib_a-exit.o)
 .text.exit     0x00000000       0x30 c:/program files/cypress/psoc creator/3.0/psoc creator/import/gnu_cs/arm/4.7.3/bin/../lib/gcc/arm-none-eabi/4.7.3/../../../../arm-none-eabi/lib/armv6-m\libc_s.a(lib_a-exit.o)
 .text          0x00000000        0x0 c:/program files/cypress/psoc creator/3.0/psoc creator/import/gnu_cs/arm/4.7.3/bin/../lib/gcc/arm-none-eabi/4.7.3/../../../../arm-none-eabi/lib/armv6-m\libc_s.a(lib_a-fini.o)
 .data          0x00000000        0x0 c:/program files/cypress/psoc creator/3.0/psoc creator/import/gnu_cs/arm/4.7.3/bin/../lib/gcc/arm-none-eabi/4.7.3/../../../../arm-none-eabi/lib/armv6-m\libc_s.a(lib_a-fini.o)
 .bss           0x00000000        0x0 c:/program files/cypress/psoc creator/3.0/psoc creator/import/gnu_cs/arm/4.7.3/bin/../lib/gcc/arm-none-eabi/4.7.3/../../../../arm-none-eabi/lib/armv6-m\libc_s.a(lib_a-fini.o)
 .text.__libc_fini_array
                0x00000000       0x2c c:/program files/cypress/psoc creator/3.0/psoc creator/import/gnu_cs/arm/4.7.3/bin/../lib/gcc/arm-none-eabi/4.7.3/../../../../arm-none-eabi/lib/armv6-m\libc_s.a(lib_a-fini.o)
 .text          0x00000000        0x0 c:/program files/cypress/psoc creator/3.0/psoc creator/import/gnu_cs/arm/4.7.3/bin/../lib/gcc/arm-none-eabi/4.7.3/../../../../arm-none-eabi/lib/armv6-m\libc_s.a(lib_a-impure.o)
 .data          0x00000000        0x0 c:/program files/cypress/psoc creator/3.0/psoc creator/import/gnu_cs/arm/4.7.3/bin/../lib/gcc/arm-none-eabi/4.7.3/../../../../arm-none-eabi/lib/armv6-m\libc_s.a(lib_a-impure.o)
 .bss           0x00000000        0x0 c:/program files/cypress/psoc creator/3.0/psoc creator/import/gnu_cs/arm/4.7.3/bin/../lib/gcc/arm-none-eabi/4.7.3/../../../../arm-none-eabi/lib/armv6-m\libc_s.a(lib_a-impure.o)
 .rodata._global_impure_ptr
                0x00000000        0x4 c:/program files/cypress/psoc creator/3.0/psoc creator/import/gnu_cs/arm/4.7.3/bin/../lib/gcc/arm-none-eabi/4.7.3/../../../../arm-none-eabi/lib/armv6-m\libc_s.a(lib_a-impure.o)
 .text          0x00000000        0x0 c:/program files/cypress/psoc creator/3.0/psoc creator/import/gnu_cs/arm/4.7.3/bin/../lib/gcc/arm-none-eabi/4.7.3/../../../../arm-none-eabi/lib/armv6-m\libc_s.a(lib_a-init.o)
 .data          0x00000000        0x0 c:/program files/cypress/psoc creator/3.0/psoc creator/import/gnu_cs/arm/4.7.3/bin/../lib/gcc/arm-none-eabi/4.7.3/../../../../arm-none-eabi/lib/armv6-m\libc_s.a(lib_a-init.o)
 .bss           0x00000000        0x0 c:/program files/cypress/psoc creator/3.0/psoc creator/import/gnu_cs/arm/4.7.3/bin/../lib/gcc/arm-none-eabi/4.7.3/../../../../arm-none-eabi/lib/armv6-m\libc_s.a(lib_a-init.o)
 .text          0x00000000        0x0 c:/program files/cypress/psoc creator/3.0/psoc creator/import/gnu_cs/arm/4.7.3/bin/../lib/gcc/arm-none-eabi/4.7.3/../../../../arm-none-eabi/lib/armv6-m\libc_s.a(lib_a-memcpy.o)
 .data          0x00000000        0x0 c:/program files/cypress/psoc creator/3.0/psoc creator/import/gnu_cs/arm/4.7.3/bin/../lib/gcc/arm-none-eabi/4.7.3/../../../../arm-none-eabi/lib/armv6-m\libc_s.a(lib_a-memcpy.o)
 .bss           0x00000000        0x0 c:/program files/cypress/psoc creator/3.0/psoc creator/import/gnu_cs/arm/4.7.3/bin/../lib/gcc/arm-none-eabi/4.7.3/../../../../arm-none-eabi/lib/armv6-m\libc_s.a(lib_a-memcpy.o)
 .text          0x00000000        0x0 c:/program files/cypress/psoc creator/3.0/psoc creator/import/gnu_cs/arm/4.7.3/bin/../lib/gcc/arm-none-eabi/4.7.3/../../../../arm-none-eabi/lib/armv6-m\libc_s.a(lib_a-memset.o)
 .data          0x00000000        0x0 c:/program files/cypress/psoc creator/3.0/psoc creator/import/gnu_cs/arm/4.7.3/bin/../lib/gcc/arm-none-eabi/4.7.3/../../../../arm-none-eabi/lib/armv6-m\libc_s.a(lib_a-memset.o)
 .bss           0x00000000        0x0 c:/program files/cypress/psoc creator/3.0/psoc creator/import/gnu_cs/arm/4.7.3/bin/../lib/gcc/arm-none-eabi/4.7.3/../../../../arm-none-eabi/lib/armv6-m\libc_s.a(lib_a-memset.o)
 .text          0x00000000        0x0 c:/program files/cypress/psoc creator/3.0/psoc creator/import/gnu_cs/arm/4.7.3/bin/../lib/gcc/arm-none-eabi/4.7.3/../../../../arm-none-eabi/lib/armv6-m\libc_s.a(lib_a-rand.o)
 .data          0x00000000        0x0 c:/program files/cypress/psoc creator/3.0/psoc creator/import/gnu_cs/arm/4.7.3/bin/../lib/gcc/arm-none-eabi/4.7.3/../../../../arm-none-eabi/lib/armv6-m\libc_s.a(lib_a-rand.o)
 .bss           0x00000000        0x0 c:/program files/cypress/psoc creator/3.0/psoc creator/import/gnu_cs/arm/4.7.3/bin/../lib/gcc/arm-none-eabi/4.7.3/../../../../arm-none-eabi/lib/armv6-m\libc_s.a(lib_a-rand.o)
 .text          0x00000000        0x0 c:/program files/cypress/psoc creator/3.0/psoc creator/import/gnu_cs/arm/4.7.3/bin/../lib/gcc/arm-none-eabi/4.7.3/../../../../arm-none-eabi/lib/armv6-m\libc_s.a(lib_a-malloc.o)
 .data          0x00000000        0x0 c:/program files/cypress/psoc creator/3.0/psoc creator/import/gnu_cs/arm/4.7.3/bin/../lib/gcc/arm-none-eabi/4.7.3/../../../../arm-none-eabi/lib/armv6-m\libc_s.a(lib_a-malloc.o)
 .bss           0x00000000        0x0 c:/program files/cypress/psoc creator/3.0/psoc creator/import/gnu_cs/arm/4.7.3/bin/../lib/gcc/arm-none-eabi/4.7.3/../../../../arm-none-eabi/lib/armv6-m\libc_s.a(lib_a-malloc.o)
 .text.free     0x00000000       0x14 c:/program files/cypress/psoc creator/3.0/psoc creator/import/gnu_cs/arm/4.7.3/bin/../lib/gcc/arm-none-eabi/4.7.3/../../../../arm-none-eabi/lib/armv6-m\libc_s.a(lib_a-malloc.o)
 .text          0x00000000        0x0 c:/program files/cypress/psoc creator/3.0/psoc creator/import/gnu_cs/arm/4.7.3/bin/../lib/gcc/arm-none-eabi/4.7.3/../../../../arm-none-eabi/lib/armv6-m\libc_s.a(lib_a-mallocr.o)
 .data          0x00000000        0x0 c:/program files/cypress/psoc creator/3.0/psoc creator/import/gnu_cs/arm/4.7.3/bin/../lib/gcc/arm-none-eabi/4.7.3/../../../../arm-none-eabi/lib/armv6-m\libc_s.a(lib_a-mallocr.o)
 .bss           0x00000000        0x0 c:/program files/cypress/psoc creator/3.0/psoc creator/import/gnu_cs/arm/4.7.3/bin/../lib/gcc/arm-none-eabi/4.7.3/../../../../arm-none-eabi/lib/armv6-m\libc_s.a(lib_a-mallocr.o)
 .text          0x00000000        0x0 c:/program files/cypress/psoc creator/3.0/psoc creator/import/gnu_cs/arm/4.7.3/bin/../lib/gcc/arm-none-eabi/4.7.3/../../../../arm-none-eabi/lib/armv6-m\libc_s.a(lib_a-sbrkr.o)
 .data          0x00000000        0x0 c:/program files/cypress/psoc creator/3.0/psoc creator/import/gnu_cs/arm/4.7.3/bin/../lib/gcc/arm-none-eabi/4.7.3/../../../../arm-none-eabi/lib/armv6-m\libc_s.a(lib_a-sbrkr.o)
 .bss           0x00000000        0x0 c:/program files/cypress/psoc creator/3.0/psoc creator/import/gnu_cs/arm/4.7.3/bin/../lib/gcc/arm-none-eabi/4.7.3/../../../../arm-none-eabi/lib/armv6-m\libc_s.a(lib_a-sbrkr.o)
 .text          0x00000000        0x0 c:/program files/cypress/psoc creator/3.0/psoc creator/import/gnu_cs/arm/4.7.3/bin/../lib/gcc/arm-none-eabi/4.7.3/../../../../arm-none-eabi/lib/armv6-m\libc_s.a(lib_a-freer.o)
 .data          0x00000000        0x0 c:/program files/cypress/psoc creator/3.0/psoc creator/import/gnu_cs/arm/4.7.3/bin/../lib/gcc/arm-none-eabi/4.7.3/../../../../arm-none-eabi/lib/armv6-m\libc_s.a(lib_a-freer.o)
 .bss           0x00000000        0x0 c:/program files/cypress/psoc creator/3.0/psoc creator/import/gnu_cs/arm/4.7.3/bin/../lib/gcc/arm-none-eabi/4.7.3/../../../../arm-none-eabi/lib/armv6-m\libc_s.a(lib_a-freer.o)
 .text._free_r  0x00000000       0x90 c:/program files/cypress/psoc creator/3.0/psoc creator/import/gnu_cs/arm/4.7.3/bin/../lib/gcc/arm-none-eabi/4.7.3/../../../../arm-none-eabi/lib/armv6-m\libc_s.a(lib_a-freer.o)
 .text          0x00000000        0x0 c:/program files/cypress/psoc creator/3.0/psoc creator/import/gnu_cs/arm/4.7.3/bin/../lib/gcc/arm-none-eabi/4.7.3/../../../../arm-none-eabi/lib/armv6-m\libc_s.a(lib_a-reent.o)
 .data          0x00000000        0x0 c:/program files/cypress/psoc creator/3.0/psoc creator/import/gnu_cs/arm/4.7.3/bin/../lib/gcc/arm-none-eabi/4.7.3/../../../../arm-none-eabi/lib/armv6-m\libc_s.a(lib_a-reent.o)
 .bss           0x00000000        0x0 c:/program files/cypress/psoc creator/3.0/psoc creator/import/gnu_cs/arm/4.7.3/bin/../lib/gcc/arm-none-eabi/4.7.3/../../../../arm-none-eabi/lib/armv6-m\libc_s.a(lib_a-reent.o)
 .text.cleanup_glue
                0x00000000       0x1a c:/program files/cypress/psoc creator/3.0/psoc creator/import/gnu_cs/arm/4.7.3/bin/../lib/gcc/arm-none-eabi/4.7.3/../../../../arm-none-eabi/lib/armv6-m\libc_s.a(lib_a-reent.o)
 .text._reclaim_reent
                0x00000000       0xc0 c:/program files/cypress/psoc creator/3.0/psoc creator/import/gnu_cs/arm/4.7.3/bin/../lib/gcc/arm-none-eabi/4.7.3/../../../../arm-none-eabi/lib/armv6-m\libc_s.a(lib_a-reent.o)
 .text._wrapup_reent
                0x00000000       0x34 c:/program files/cypress/psoc creator/3.0/psoc creator/import/gnu_cs/arm/4.7.3/bin/../lib/gcc/arm-none-eabi/4.7.3/../../../../arm-none-eabi/lib/armv6-m\libc_s.a(lib_a-reent.o)
 .data          0x00000000        0x0 c:/program files/cypress/psoc creator/3.0/psoc creator/import/gnu_cs/arm/4.7.3/bin/../lib/gcc/arm-none-eabi/4.7.3/armv6-m\libgcc.a(_muldi3.o)
 .bss           0x00000000        0x0 c:/program files/cypress/psoc creator/3.0/psoc creator/import/gnu_cs/arm/4.7.3/bin/../lib/gcc/arm-none-eabi/4.7.3/armv6-m\libgcc.a(_muldi3.o)
 .text          0x00000000        0x0 c:/program files/cypress/psoc creator/3.0/psoc creator/import/gnu_cs/arm/4.7.3/bin/../lib/gcc/arm-none-eabi/4.7.3/armv6-m/crtend.o
 .data          0x00000000        0x0 c:/program files/cypress/psoc creator/3.0/psoc creator/import/gnu_cs/arm/4.7.3/bin/../lib/gcc/arm-none-eabi/4.7.3/armv6-m/crtend.o
 .bss           0x00000000        0x0 c:/program files/cypress/psoc creator/3.0/psoc creator/import/gnu_cs/arm/4.7.3/bin/../lib/gcc/arm-none-eabi/4.7.3/armv6-m/crtend.o
 .text          0x00000000        0x0 c:/program files/cypress/psoc creator/3.0/psoc creator/import/gnu_cs/arm/4.7.3/bin/../lib/gcc/arm-none-eabi/4.7.3/armv6-m/crtn.o
 .data          0x00000000        0x0 c:/program files/cypress/psoc creator/3.0/psoc creator/import/gnu_cs/arm/4.7.3/bin/../lib/gcc/arm-none-eabi/4.7.3/armv6-m/crtn.o
 .bss           0x00000000        0x0 c:/program files/cypress/psoc creator/3.0/psoc creator/import/gnu_cs/arm/4.7.3/bin/../lib/gcc/arm-none-eabi/4.7.3/armv6-m/crtn.o
 .text          0x00000000        0x0 c:/program files/cypress/psoc creator/3.0/psoc creator/import/gnu_cs/arm/4.7.3/bin/../lib/gcc/arm-none-eabi/4.7.3/../../../../arm-none-eabi/lib/armv6-m\libnosys.a(sbrk.o)
 .data          0x00000000        0x0 c:/program files/cypress/psoc creator/3.0/psoc creator/import/gnu_cs/arm/4.7.3/bin/../lib/gcc/arm-none-eabi/4.7.3/../../../../arm-none-eabi/lib/armv6-m\libnosys.a(sbrk.o)
 .bss           0x00000000        0x0 c:/program files/cypress/psoc creator/3.0/psoc creator/import/gnu_cs/arm/4.7.3/bin/../lib/gcc/arm-none-eabi/4.7.3/../../../../arm-none-eabi/lib/armv6-m\libnosys.a(sbrk.o)

Memory Configuration

Name             Origin             Length             Attributes
rom              0x00000000         0x00008000         xr
ram              0x20000000         0x00001000         xrw
*default*        0x00000000         0xffffffff

Linker script and memory map

LOAD c:/program files/cypress/psoc creator/3.0/psoc creator/import/gnu_cs/arm/4.7.3/bin/../lib/gcc/arm-none-eabi/4.7.3/armv6-m/crti.o
LOAD c:/program files/cypress/psoc creator/3.0/psoc creator/import/gnu_cs/arm/4.7.3/bin/../lib/gcc/arm-none-eabi/4.7.3/armv6-m/crtbegin.o
LOAD c:/program files/cypress/psoc creator/3.0/psoc creator/import/gnu_cs/arm/4.7.3/bin/../lib/gcc/arm-none-eabi/4.7.3/../../../../arm-none-eabi/lib/armv6-m/crt0.o
START GROUP
LOAD .\CortexM0\ARM_GCC_473\Debug\main.o
LOAD .\CortexM0\ARM_GCC_473\Debug\cymetadata.o
LOAD .\CortexM0\ARM_GCC_473\Debug\Cm0Start.o
LOAD .\CortexM0\ARM_GCC_473\Debug\Simon_Master_P4.a
LOAD C:\Program Files\Cypress\PSoC Creator\3.0\PSoC Creator\psoc\content\cycomponentlibrary\CyComponentLibrary.cylib\CortexM0\ARM_GCC_473\Debug\CyComponentLibrary.a
END GROUP
START GROUP
LOAD c:/program files/cypress/psoc creator/3.0/psoc creator/import/gnu_cs/arm/4.7.3/bin/../lib/gcc/arm-none-eabi/4.7.3/armv6-m\libgcc.a
LOAD c:/program files/cypress/psoc creator/3.0/psoc creator/import/gnu_cs/arm/4.7.3/bin/../lib/gcc/arm-none-eabi/4.7.3/../../../../arm-none-eabi/lib/armv6-m\libc_s.a
END GROUP
LOAD c:/program files/cypress/psoc creator/3.0/psoc creator/import/gnu_cs/arm/4.7.3/bin/../lib/gcc/arm-none-eabi/4.7.3/armv6-m/crtend.o
LOAD c:/program files/cypress/psoc creator/3.0/psoc creator/import/gnu_cs/arm/4.7.3/bin/../lib/gcc/arm-none-eabi/4.7.3/armv6-m/crtn.o
START GROUP
LOAD c:/program files/cypress/psoc creator/3.0/psoc creator/import/gnu_cs/arm/4.7.3/bin/../lib/gcc/arm-none-eabi/4.7.3/armv6-m\libgcc.a
LOAD c:/program files/cypress/psoc creator/3.0/psoc creator/import/gnu_cs/arm/4.7.3/bin/../lib/gcc/arm-none-eabi/4.7.3/../../../../arm-none-eabi/lib/armv6-m\libc.a
LOAD c:/program files/cypress/psoc creator/3.0/psoc creator/import/gnu_cs/arm/4.7.3/bin/../lib/gcc/arm-none-eabi/4.7.3/../../../../arm-none-eabi/lib/armv6-m\libnosys.a
END GROUP
                0x00000000                CY_APPL_ORIGIN = 0x0
                0x00000080                CY_FLASH_ROW_SIZE = 0x80
                0x00000001                CY_APPL_NUM = 0x1
                0x00000040                CY_METADATA_SIZE = 0x40
                0x200001b0                PROVIDE (__cy_heap_start, _end)
                0x00000001                PROVIDE (__cy_region_num, ((__cy_regions_end - __cy_regions) / 0x10))
                0x20001000                PROVIDE (__cy_stack, (ORIGIN (ram) + 0x1000))
                0x20000c00                PROVIDE (__cy_heap_end, (__cy_stack - 0x400))

.cybootloader   0x00000000        0x0
 *(.cybootloader)
                0x00000000                appl1_start = CY_APPL_ORIGIN?CY_APPL_ORIGIN:ALIGN (CY_FLASH_ROW_SIZE)
                0x00003f80                appl2_start = (appl1_start + ALIGN ((((0x8000 - appl1_start) - (0x2 * CY_FLASH_ROW_SIZE)) / 0x2), CY_FLASH_ROW_SIZE))
                0x00000000                appl_start = (CY_APPL_NUM == 0x1)?appl1_start:appl2_start

.text           0x00000000     0x2218
 CREATE_OBJECT_SYMBOLS
                0x00000000                PROVIDE (__cy_interrupt_vector, RomVectors)
 *(.romvectors)
 .romvectors    0x00000000       0x10 .\CortexM0\ARM_GCC_473\Debug\Cm0Start.o
                0x00000000                RomVectors
                0x00000001                ASSERT ((. != __cy_interrupt_vector), No interrupt vector)
                0x00000001                ASSERT (CY_APPL_ORIGIN?(SIZEOF (.cybootloader) <= CY_APPL_ORIGIN):0x1, Wrong image location)
                0x00000010                PROVIDE (__cy_reset, Reset)
 *(.text.Reset)
 .text.Reset    0x00000010        0x8 .\CortexM0\ARM_GCC_473\Debug\Cm0Start.o
                0x00000010                Reset
                0x00000001                ASSERT ((. != __cy_reset), No reset code)
 *(.psocinit)
 .psocinit      0x00000018      0x2d4 .\CortexM0\ARM_GCC_473\Debug\Simon_Master_P4.a(cyfitter_cfg.o)
                0x0000015c                cyfitter_cfg
                0x000002ec                . = MAX (., 0x100)
 *(.text .text.* .gnu.linkonce.t.*)
 .text          0x000002ec       0x60 c:/program files/cypress/psoc creator/3.0/psoc creator/import/gnu_cs/arm/4.7.3/bin/../lib/gcc/arm-none-eabi/4.7.3/armv6-m/crtbegin.o
 .text.main     0x0000034c      0x594 .\CortexM0\ARM_GCC_473\Debug\main.o
                0x0000034c                main
 .text.getI2Cdata
                0x000008e0       0x4c .\CortexM0\ARM_GCC_473\Debug\main.o
                0x000008e0                getI2Cdata
 .text.putI2Cdata
                0x0000092c       0x64 .\CortexM0\ARM_GCC_473\Debug\main.o
                0x0000092c                putI2Cdata
 .text.checkSpeed
                0x00000990       0x74 .\CortexM0\ARM_GCC_473\Debug\main.o
                0x00000990                checkSpeed
 .text.IntDefaultHandler
                0x00000a04        0x8 .\CortexM0\ARM_GCC_473\Debug\Cm0Start.o
                0x00000a04                IntDefaultHandler
 .text.Start_c  0x00000a0c       0xa4 .\CortexM0\ARM_GCC_473\Debug\Cm0Start.o
                0x00000a0c                Start_c
 .text.initialize_psoc
                0x00000ab0       0x5c .\CortexM0\ARM_GCC_473\Debug\Cm0Start.o
                0x00000ab0                initialize_psoc
 .text.CYMEMZERO
                0x00000b0c       0x20 .\CortexM0\ARM_GCC_473\Debug\Simon_Master_P4.a(cyfitter_cfg.o)
 .text.cfg_write_bytes32
                0x00000b2c       0x80 .\CortexM0\ARM_GCC_473\Debug\Simon_Master_P4.a(cyfitter_cfg.o)
 .text.AnalogSetDefault
                0x00000bac        0x8 .\CortexM0\ARM_GCC_473\Debug\Simon_Master_P4.a(cyfitter_cfg.o)
 .text.EEPROM_Start
                0x00000bb4        0x8 .\CortexM0\ARM_GCC_473\Debug\Simon_Master_P4.a(EEPROM.o)
                0x00000bb4                EEPROM_Start
 .text.EEPROM_Write
                0x00000bbc      0x174 .\CortexM0\ARM_GCC_473\Debug\Simon_Master_P4.a(EEPROM.o)
                0x00000bbc                EEPROM_Write
 .text.LCD_Init
                0x00000d30       0x70 .\CortexM0\ARM_GCC_473\Debug\Simon_Master_P4.a(LCD.o)
                0x00000d30                LCD_Init
 .text.LCD_Enable
                0x00000da0       0x18 .\CortexM0\ARM_GCC_473\Debug\Simon_Master_P4.a(LCD.o)
                0x00000da0                LCD_Enable
 .text.LCD_Start
                0x00000db8       0x24 .\CortexM0\ARM_GCC_473\Debug\Simon_Master_P4.a(LCD.o)
                0x00000db8                LCD_Start
 .text.LCD_Position
                0x00000ddc       0x74 .\CortexM0\ARM_GCC_473\Debug\Simon_Master_P4.a(LCD.o)
                0x00000ddc                LCD_Position
 .text.LCD_PrintString
                0x00000e50       0x58 .\CortexM0\ARM_GCC_473\Debug\Simon_Master_P4.a(LCD.o)
                0x00000e50                LCD_PrintString
 .text.LCD_PutChar
                0x00000ea8       0x1c .\CortexM0\ARM_GCC_473\Debug\Simon_Master_P4.a(LCD.o)
                0x00000ea8                LCD_PutChar
 .text.LCD_WriteData
                0x00000ec4       0x48 .\CortexM0\ARM_GCC_473\Debug\Simon_Master_P4.a(LCD.o)
                0x00000ec4                LCD_WriteData
 .text.LCD_WriteControl
                0x00000f0c       0x48 .\CortexM0\ARM_GCC_473\Debug\Simon_Master_P4.a(LCD.o)
                0x00000f0c                LCD_WriteControl
 .text.LCD_IsReady
                0x00000f54       0xe0 .\CortexM0\ARM_GCC_473\Debug\Simon_Master_P4.a(LCD.o)
                0x00000f54                LCD_IsReady
 .text.LCD_WrDatNib
                0x00001034       0x64 .\CortexM0\ARM_GCC_473\Debug\Simon_Master_P4.a(LCD.o)
 .text.LCD_WrCntrlNib
                0x00001098       0x54 .\CortexM0\ARM_GCC_473\Debug\Simon_Master_P4.a(LCD.o)
 .text.LCD_PrintNumber
                0x000010ec       0xfc .\CortexM0\ARM_GCC_473\Debug\Simon_Master_P4.a(LCD.o)
                0x000010ec                LCD_PrintNumber
 .text.I2C_Init
                0x000011e8        0xc .\CortexM0\ARM_GCC_473\Debug\Simon_Master_P4.a(I2C.o)
                0x000011e8                I2C_Init
 .text.I2C_Enable
                0x000011f4       0x20 .\CortexM0\ARM_GCC_473\Debug\Simon_Master_P4.a(I2C.o)
                0x000011f4                I2C_Enable
 .text.I2C_Start
                0x00001214       0x24 .\CortexM0\ARM_GCC_473\Debug\Simon_Master_P4.a(I2C.o)
                0x00001214                I2C_Start
 .text.I2C_ScbEnableIntr
                0x00001238        0xc .\CortexM0\ARM_GCC_473\Debug\Simon_Master_P4.a(I2C.o)
 .text.I2C_I2CInit
                0x00001244       0xe8 .\CortexM0\ARM_GCC_473\Debug\Simon_Master_P4.a(I2C_I2C.o)
                0x00001244                I2C_I2CInit
 .text.I2C_I2CMasterWriteBuf
                0x0000132c      0x118 .\CortexM0\ARM_GCC_473\Debug\Simon_Master_P4.a(I2C_I2C_MASTER.o)
                0x0000132c                I2C_I2CMasterWriteBuf
 .text.I2C_I2CMasterReadBuf
                0x00001444      0x128 .\CortexM0\ARM_GCC_473\Debug\Simon_Master_P4.a(I2C_I2C_MASTER.o)
                0x00001444                I2C_I2CMasterReadBuf
 .text.I2C_I2CMasterStatus
                0x0000156c       0x38 .\CortexM0\ARM_GCC_473\Debug\Simon_Master_P4.a(I2C_I2C_MASTER.o)
                0x0000156c                I2C_I2CMasterStatus
 .text.I2C_I2CMasterClearStatus
                0x000015a4       0x24 .\CortexM0\ARM_GCC_473\Debug\Simon_Master_P4.a(I2C_I2C_MASTER.o)
                0x000015a4                I2C_I2CMasterClearStatus
 .text.I2C_I2CReStartGeneration
                0x000015c8       0xbc .\CortexM0\ARM_GCC_473\Debug\Simon_Master_P4.a(I2C_I2C_MASTER.o)
                0x000015c8                I2C_I2CReStartGeneration
 .text.Start_Read
                0x00001684       0x1c .\CortexM0\ARM_GCC_473\Debug\Simon_Master_P4.a(Start.o)
                0x00001684                Start_Read
 .text.LEDreg_Write
                0x000016a0       0x20 .\CortexM0\ARM_GCC_473\Debug\Simon_Master_P4.a(LEDreg.o)
                0x000016a0                LEDreg_Write
 .text.ResetHS_Read
                0x000016c0       0x1c .\CortexM0\ARM_GCC_473\Debug\Simon_Master_P4.a(ResetHS.o)
                0x000016c0                ResetHS_Read
 .text.Max_Read
                0x000016dc       0x1c .\CortexM0\ARM_GCC_473\Debug\Simon_Master_P4.a(Max.o)
                0x000016dc                Max_Read
 .text.I2C_SCB_IRQ_SetVector
                0x000016f8       0x18 .\CortexM0\ARM_GCC_473\Debug\Simon_Master_P4.a(I2C_SCB_IRQ.o)
                0x000016f8                I2C_SCB_IRQ_SetVector
 .text.I2C_SCB_IRQ_SetPriority
                0x00001710       0x4c .\CortexM0\ARM_GCC_473\Debug\Simon_Master_P4.a(I2C_SCB_IRQ.o)
                0x00001710                I2C_SCB_IRQ_SetPriority
 .text.I2C_SCB_IRQ_Enable
                0x0000175c       0x14 .\CortexM0\ARM_GCC_473\Debug\Simon_Master_P4.a(I2C_SCB_IRQ.o)
                0x0000175c                I2C_SCB_IRQ_Enable
 .text.I2C_SCB_IRQ_Disable
                0x00001770       0x14 .\CortexM0\ARM_GCC_473\Debug\Simon_Master_P4.a(I2C_SCB_IRQ.o)
                0x00001770                I2C_SCB_IRQ_Disable
 .text.I2C_scl_Write
                0x00001784       0x48 .\CortexM0\ARM_GCC_473\Debug\Simon_Master_P4.a(I2C_scl.o)
                0x00001784                I2C_scl_Write
 *fill*         0x000017cc        0x4 00
 .text          0x000017d0       0x20 .\CortexM0\ARM_GCC_473\Debug\Simon_Master_P4.a(CyBootAsmGnu.o)
                0x000017d0                CyDelayCycles
                0x000017e2                CyEnterCriticalSection
                0x000017ea                CyExitCriticalSection
 .text.CySysFlashWriteRow
                0x000017f0      0x184 .\CortexM0\ARM_GCC_473\Debug\Simon_Master_P4.a(CyFlash.o)
                0x000017f0                CySysFlashWriteRow
 .text.CyDelay  0x00001974       0x48 .\CortexM0\ARM_GCC_473\Debug\Simon_Master_P4.a(CyLib.o)
                0x00001974                CyDelay
 .text.CyDelayUs
                0x000019bc       0x28 .\CortexM0\ARM_GCC_473\Debug\Simon_Master_P4.a(CyLib.o)
                0x000019bc                CyDelayUs
 .text.I2C_I2C_ISR
                0x000019e4      0x4f4 .\CortexM0\ARM_GCC_473\Debug\Simon_Master_P4.a(I2C_I2C_INT.o)
                0x000019e4                I2C_I2C_ISR
 .text          0x00001ed8       0x9c c:/program files/cypress/psoc creator/3.0/psoc creator/import/gnu_cs/arm/4.7.3/bin/../lib/gcc/arm-none-eabi/4.7.3/armv6-m\libgcc.a(_udivsi3.o)
                0x00001ed8                __aeabi_uidiv
                0x00001ed8                __udivsi3
                0x00001f60                __aeabi_uidivmod
 .text          0x00001f74        0x4 c:/program files/cypress/psoc creator/3.0/psoc creator/import/gnu_cs/arm/4.7.3/bin/../lib/gcc/arm-none-eabi/4.7.3/armv6-m\libgcc.a(_dvmd_tls.o)
                0x00001f74                __aeabi_idiv0
                0x00001f74                __aeabi_ldiv0
 .text.__libc_init_array
                0x00001f78       0x4c c:/program files/cypress/psoc creator/3.0/psoc creator/import/gnu_cs/arm/4.7.3/bin/../lib/gcc/arm-none-eabi/4.7.3/../../../../arm-none-eabi/lib/armv6-m\libc_s.a(lib_a-init.o)
                0x00001f78                __libc_init_array
 .text.memcpy   0x00001fc4       0x12 c:/program files/cypress/psoc creator/3.0/psoc creator/import/gnu_cs/arm/4.7.3/bin/../lib/gcc/arm-none-eabi/4.7.3/../../../../arm-none-eabi/lib/armv6-m\libc_s.a(lib_a-memcpy.o)
                0x00001fc4                memcpy
 .text.memset   0x00001fd6       0x12 c:/program files/cypress/psoc creator/3.0/psoc creator/import/gnu_cs/arm/4.7.3/bin/../lib/gcc/arm-none-eabi/4.7.3/../../../../arm-none-eabi/lib/armv6-m\libc_s.a(lib_a-memset.o)
                0x00001fd6                memset
 .text.srand    0x00001fe8       0x64 c:/program files/cypress/psoc creator/3.0/psoc creator/import/gnu_cs/arm/4.7.3/bin/../lib/gcc/arm-none-eabi/4.7.3/../../../../arm-none-eabi/lib/armv6-m\libc_s.a(lib_a-rand.o)
                0x00001fe8                srand
 *fill*         0x0000204c        0x4 00
 .text.rand     0x00002050       0x80 c:/program files/cypress/psoc creator/3.0/psoc creator/import/gnu_cs/arm/4.7.3/bin/../lib/gcc/arm-none-eabi/4.7.3/../../../../arm-none-eabi/lib/armv6-m\libc_s.a(lib_a-rand.o)
                0x00002050                rand
 .text.malloc   0x000020d0       0x14 c:/program files/cypress/psoc creator/3.0/psoc creator/import/gnu_cs/arm/4.7.3/bin/../lib/gcc/arm-none-eabi/4.7.3/../../../../arm-none-eabi/lib/armv6-m\libc_s.a(lib_a-malloc.o)
                0x000020d0                malloc
 .text._malloc_r
                0x000020e4       0x94 c:/program files/cypress/psoc creator/3.0/psoc creator/import/gnu_cs/arm/4.7.3/bin/../lib/gcc/arm-none-eabi/4.7.3/../../../../arm-none-eabi/lib/armv6-m\libc_s.a(lib_a-mallocr.o)
                0x000020e4                _malloc_r
 .text._sbrk_r  0x00002178       0x24 c:/program files/cypress/psoc creator/3.0/psoc creator/import/gnu_cs/arm/4.7.3/bin/../lib/gcc/arm-none-eabi/4.7.3/../../../../arm-none-eabi/lib/armv6-m\libc_s.a(lib_a-sbrkr.o)
                0x00002178                _sbrk_r
 .text          0x0000219c       0x44 c:/program files/cypress/psoc creator/3.0/psoc creator/import/gnu_cs/arm/4.7.3/bin/../lib/gcc/arm-none-eabi/4.7.3/armv6-m\libgcc.a(_muldi3.o)
                0x0000219c                __muldi3
                0x0000219c                __aeabi_lmul
 .text._sbrk    0x000021e0       0x38 c:/program files/cypress/psoc creator/3.0/psoc creator/import/gnu_cs/arm/4.7.3/bin/../lib/gcc/arm-none-eabi/4.7.3/../../../../arm-none-eabi/lib/armv6-m\libnosys.a(sbrk.o)
                0x000021e0                _sbrk
 *(.plt)
 *(.gnu.warning)
 *(.glue_7t)
 .glue_7t       0x00000000        0x0 linker stubs
 *(.glue_7)
 .glue_7        0x00000000        0x0 linker stubs
 *(.vfp11_veneer)
 .vfp11_veneer  0x00000000        0x0 linker stubs
 *(.bootloader)
 *(.ARM.extab* .gnu.linkonce.armextab.*)
 *(.gcc_except_table)

.v4_bx          0x00002218        0x0
 .v4_bx         0x00000000        0x0 linker stubs

.iplt           0x00002218        0x0
 .iplt          0x00000000        0x0 c:/program files/cypress/psoc creator/3.0/psoc creator/import/gnu_cs/arm/4.7.3/bin/../lib/gcc/arm-none-eabi/4.7.3/armv6-m/crtbegin.o

.eh_frame_hdr
 *(.eh_frame_hdr)

.eh_frame       0x00002218        0x4
 *(.eh_frame)
 .eh_frame      0x00002218        0x0 c:/program files/cypress/psoc creator/3.0/psoc creator/import/gnu_cs/arm/4.7.3/bin/../lib/gcc/arm-none-eabi/4.7.3/armv6-m/crtbegin.o
 .eh_frame      0x00002218        0x4 c:/program files/cypress/psoc creator/3.0/psoc creator/import/gnu_cs/arm/4.7.3/bin/../lib/gcc/arm-none-eabi/4.7.3/armv6-m/crtend.o
                0x0000221c                PROVIDE (__exidx_start, .)

.ARM.exidx
 *(.ARM.exidx* .gnu.linkonce.armexidx.*)
                0x0000221c                __exidx_end = .

.rodata         0x0000221c       0xf4
 *(.rodata .rodata.* .gnu.linkonce.r.*)
 .rodata        0x0000221c       0x54 .\CortexM0\ARM_GCC_473\Debug\main.o
 .rodata        0x00002270       0x64 .\CortexM0\ARM_GCC_473\Debug\Simon_Master_P4.a(cyfitter_cfg.o)
 .rodata.str1.1
                0x000022d4        0x2 c:/program files/cypress/psoc creator/3.0/psoc creator/import/gnu_cs/arm/4.7.3/bin/../lib/gcc/arm-none-eabi/4.7.3/../../../../arm-none-eabi/lib/armv6-m\libc_s.a(lib_a-impure.o)
                0x000022d8                . = ALIGN (0x4)
 *fill*         0x000022d6        0x2 00
 *(.init)
 .init          0x000022d8        0x4 c:/program files/cypress/psoc creator/3.0/psoc creator/import/gnu_cs/arm/4.7.3/bin/../lib/gcc/arm-none-eabi/4.7.3/armv6-m/crti.o
                0x000022d8                _init
 .init          0x000022dc        0x8 c:/program files/cypress/psoc creator/3.0/psoc creator/import/gnu_cs/arm/4.7.3/bin/../lib/gcc/arm-none-eabi/4.7.3/armv6-m/crtn.o
                0x000022e4                . = ALIGN (0x4)
                0x000022e4                __preinit_array_start = .
 *(.preinit_array)
                0x000022e4                __preinit_array_end = .
                0x000022e4                . = ALIGN (0x4)
                0x000022e4                __init_array_start = .
 *(SORT(.init_array.*))
 *(.init_array)
 .init_array    0x000022e4        0x4 c:/program files/cypress/psoc creator/3.0/psoc creator/import/gnu_cs/arm/4.7.3/bin/../lib/gcc/arm-none-eabi/4.7.3/armv6-m/crtbegin.o
 .init_array    0x000022e8        0x4 .\CortexM0\ARM_GCC_473\Debug\Cm0Start.o
                0x000022ec                __init_array_end = .
                0x000022ec                . = ALIGN (0x4)
 *(.fini)
 .fini          0x000022ec        0x4 c:/program files/cypress/psoc creator/3.0/psoc creator/import/gnu_cs/arm/4.7.3/bin/../lib/gcc/arm-none-eabi/4.7.3/armv6-m/crti.o
                0x000022ec                _fini
 .fini          0x000022f0        0x8 c:/program files/cypress/psoc creator/3.0/psoc creator/import/gnu_cs/arm/4.7.3/bin/../lib/gcc/arm-none-eabi/4.7.3/armv6-m/crtn.o
                0x000022f8                . = ALIGN (0x4)
                0x000022f8                __fini_array_start = .
 *(.fini_array)
 .fini_array    0x000022f8        0x4 c:/program files/cypress/psoc creator/3.0/psoc creator/import/gnu_cs/arm/4.7.3/bin/../lib/gcc/arm-none-eabi/4.7.3/armv6-m/crtbegin.o
 *(SORT(.fini_array.*))
                0x000022fc                __fini_array_end = .
                0x000022fc                . = ALIGN (0x4)
 *crtbegin.o(.ctors)
 *(EXCLUDE_FILE(*crtend.o) .ctors)
 *(SORT(.ctors.*))
 *crtend.o(.ctors)
                0x000022fc                . = ALIGN (0x4)
 *crtbegin.o(.dtors)
 *(EXCLUDE_FILE(*crtend.o) .dtors)
 *(SORT(.dtors.*))
 *crtend.o(.dtors)
                0x000022fc                . = ALIGN (0x4)
                0x000022fc                __cy_regions = .
                0x000022fc        0x4 LONG 0x2310 __cy_region_init_ram
                0x00002300        0x4 LONG 0x200000c8 __cy_region_start_data
                0x00002304        0x4 LONG 0x80 __cy_region_init_size_ram
                0x00002308        0x4 LONG 0x68 __cy_region_zero_size_ram
                0x0000230c                __cy_regions_end = .
                0x00002310                . = ALIGN (0x8)
 *fill*         0x0000230c        0x4 00
                0x00002310                _etext = .

.ramvectors     0x20000000       0xc0
                0x20000000                __cy_region_start_ram = .
 *(.ramvectors)
 .ramvectors    0x20000000       0xc0 .\CortexM0\ARM_GCC_473\Debug\Cm0Start.o
                0x20000000                CyRamVectors

.noinit         0x200000c0        0x4
 *(.noinit)
 .noinit        0x200000c0        0x4 .\CortexM0\ARM_GCC_473\Debug\Cm0Start.o

.data           0x200000c8       0x80 load address 0x00002310
                0x200000c8                __cy_region_start_data = .
 *(.jcr)
 .jcr           0x200000c8        0x0 c:/program files/cypress/psoc creator/3.0/psoc creator/import/gnu_cs/arm/4.7.3/bin/../lib/gcc/arm-none-eabi/4.7.3/armv6-m/crtbegin.o
 .jcr           0x200000c8        0x4 c:/program files/cypress/psoc creator/3.0/psoc creator/import/gnu_cs/arm/4.7.3/bin/../lib/gcc/arm-none-eabi/4.7.3/armv6-m/crtend.o
 *(.got.plt)
 *(.got)
 *(.shdata)
 *(.data .data.* .gnu.linkonce.d.*)
 .data          0x200000cc        0x4 .\CortexM0\ARM_GCC_473\Debug\Simon_Master_P4.a(cyfitter_cfg.o)
 .data          0x200000d0       0x10 .\CortexM0\ARM_GCC_473\Debug\Simon_Master_P4.a(CyLib.o)
                0x200000d0                cydelayFreqHz
                0x200000d4                cydelayFreqKhz
                0x200000d8                cydelayFreqMhz
                0x200000dc                cydelay32kMs
 .data.impure_data
                0x200000e0       0x64 c:/program files/cypress/psoc creator/3.0/psoc creator/import/gnu_cs/arm/4.7.3/bin/../lib/gcc/arm-none-eabi/4.7.3/../../../../arm-none-eabi/lib/armv6-m\libc_s.a(lib_a-impure.o)
 .data._impure_ptr
                0x20000144        0x4 c:/program files/cypress/psoc creator/3.0/psoc creator/import/gnu_cs/arm/4.7.3/bin/../lib/gcc/arm-none-eabi/4.7.3/../../../../arm-none-eabi/lib/armv6-m\libc_s.a(lib_a-impure.o)
                0x20000144                _impure_ptr
                0x20000148                . = ALIGN (0x8)
 *(.ram)
                0x20000148                _edata = .

.igot.plt       0x20000148        0x0 load address 0x00002390
 .igot.plt      0x00000000        0x0 c:/program files/cypress/psoc creator/3.0/psoc creator/import/gnu_cs/arm/4.7.3/bin/../lib/gcc/arm-none-eabi/4.7.3/armv6-m/crtbegin.o

.bss            0x20000148       0x68 load address 0x00002390
                0x20000148                PROVIDE (__bss_start__, .)
 *(.shbss)
 *(.bss .bss.* .gnu.linkonce.b.*)
 .bss           0x20000148       0x1c c:/program files/cypress/psoc creator/3.0/psoc creator/import/gnu_cs/arm/4.7.3/bin/../lib/gcc/arm-none-eabi/4.7.3/armv6-m/crtbegin.o
 .bss           0x20000164        0x8 .\CortexM0\ARM_GCC_473\Debug\main.o
                0x20000164                rdData
                0x20000168                SRData
 .bss           0x2000016c        0x2 .\CortexM0\ARM_GCC_473\Debug\Simon_Master_P4.a(LCD.o)
                0x2000016c                LCD_enableState
                0x2000016d                LCD_initVar
 *fill*         0x2000016e        0x2 00
 .bss           0x20000170        0x8 .\CortexM0\ARM_GCC_473\Debug\Simon_Master_P4.a(I2C.o)
                0x20000170                I2C_initVar
                0x20000174                I2C_customIntrHandler
 .bss.__malloc_free_list
                0x20000178        0x4 c:/program files/cypress/psoc creator/3.0/psoc creator/import/gnu_cs/arm/4.7.3/bin/../lib/gcc/arm-none-eabi/4.7.3/../../../../arm-none-eabi/lib/armv6-m\libc_s.a(lib_a-mallocr.o)
                0x20000178                __malloc_free_list
 .bss.heap_end.4231
                0x2000017c        0x4 c:/program files/cypress/psoc creator/3.0/psoc creator/import/gnu_cs/arm/4.7.3/bin/../lib/gcc/arm-none-eabi/4.7.3/../../../../arm-none-eabi/lib/armv6-m\libnosys.a(sbrk.o)
 *(COMMON)
 COMMON         0x20000180        0x3 .\CortexM0\ARM_GCC_473\Debug\main.o
                0x20000180                wrData
                0x20000182                status
 COMMON         0x20000183        0x1 .\CortexM0\ARM_GCC_473\Debug\Simon_Master_P4.a(I2C_I2C.o)
                0x20000183                I2C_state
 COMMON         0x20000184       0x24 .\CortexM0\ARM_GCC_473\Debug\Simon_Master_P4.a(I2C_I2C_MASTER.o)
                0x20000184                I2C_mstrWrBufIndexTmp
                0x20000188                I2C_mstrWrBufIndex
                0x2000018c                I2C_mstrWrBufSize
                0x20000190                I2C_mstrStatus
                0x20000194                I2C_mstrRdBufPtr
                0x20000198                I2C_mstrControl
                0x2000019c                I2C_mstrRdBufSize
                0x200001a0                I2C_mstrRdBufIndex
                0x200001a4                I2C_mstrWrBufPtr
 COMMON         0x200001a8        0x4 c:/program files/cypress/psoc creator/3.0/psoc creator/import/gnu_cs/arm/4.7.3/bin/../lib/gcc/arm-none-eabi/4.7.3/../../../../arm-none-eabi/lib/armv6-m\libc_s.a(lib_a-reent.o)
                0x200001a8                errno
                0x200001b0                . = ALIGN (0x8)
 *fill*         0x200001ac        0x4 00
 *(.ram.b)
                0x200001b0                _end = .
                0x200001b0                __end = .
                0x200001b0                PROVIDE (end, .)
                0x200001b0                PROVIDE (__bss_end__, .)
                0x00002310                __cy_region_init_ram = LOADADDR (.data)
                0x00000080                __cy_region_init_size_ram = (_edata - ADDR (.data))
                0x00000068                __cy_region_zero_size_ram = (_end - _edata)

.heap           0x200001b0      0x100 load address 0x00002390
                0x200001b0                . = _end
                0x200002b0                . = (. + 0x100)
 *fill*         0x200001b0      0x100 00
                0x200002b0                __cy_heap_limit = .

.stack          0x20000c00      0x400
                0x20000c00                __cy_stack_limit = .
                0x20001000                . = (. + 0x400)
 *fill*         0x20000c00      0x400 00
                0x00000001                ASSERT ((__cy_stack_limit >= __cy_heap_limit), region RAM overflowed with stack)

.cyloadermeta
 *(.cyloadermeta)

.cyloadablemeta
 *(.cyloadablemeta)

.cyflashprotect
                0x90400000       0x20
 *(.cyflashprotect)
 .cyflashprotect
                0x90400000       0x20 .\CortexM0\ARM_GCC_473\Debug\cymetadata.o
                0x90400000                cy_meta_flashprotect

.cymeta         0x90500000        0xc
 *(.cymeta)
 .cymeta        0x90500000        0xc .\CortexM0\ARM_GCC_473\Debug\cymetadata.o
                0x90500000                cy_metadata

.cychipprotect  0x90600000        0x4
 *(.cychipprotect)
 .cychipprotect
                0x90600000        0x4 .\CortexM0\ARM_GCC_473\Debug\cymetadata.o
                0x90600000                cy_meta_chipprotect

.rel.dyn        0x00002390        0x0 load address 0x90600004
 .rel.iplt      0x00000000        0x0 c:/program files/cypress/psoc creator/3.0/psoc creator/import/gnu_cs/arm/4.7.3/bin/../lib/gcc/arm-none-eabi/4.7.3/armv6-m/crtbegin.o

.stab
 *(.stab)

.stabstr
 *(.stabstr)

.debug
 *(.debug)

.line
 *(.line)

.debug_srcinfo
 *(.debug_srcinfo)

.debug_sfnames
 *(.debug_sfnames)

.debug_aranges  0x00000000      0x650
 *(.debug_aranges)
 .debug_aranges
                0x00000000       0x38 .\CortexM0\ARM_GCC_473\Debug\main.o
 .debug_aranges
                0x00000038       0x18 .\CortexM0\ARM_GCC_473\Debug\cymetadata.o
 .debug_aranges
                0x00000050       0x40 .\CortexM0\ARM_GCC_473\Debug\Cm0Start.o
 .debug_aranges
                0x00000090       0x58 .\CortexM0\ARM_GCC_473\Debug\Simon_Master_P4.a(cyfitter_cfg.o)
 .debug_aranges
                0x000000e8       0x30 .\CortexM0\ARM_GCC_473\Debug\Simon_Master_P4.a(EEPROM.o)
 .debug_aranges
                0x00000118       0x90 .\CortexM0\ARM_GCC_473\Debug\Simon_Master_P4.a(LCD.o)
 .debug_aranges
                0x000001a8       0x50 .\CortexM0\ARM_GCC_473\Debug\Simon_Master_P4.a(I2C.o)
 .debug_aranges
                0x000001f8       0x28 .\CortexM0\ARM_GCC_473\Debug\Simon_Master_P4.a(I2C_I2C.o)
 .debug_aranges
                0x00000220       0x88 .\CortexM0\ARM_GCC_473\Debug\Simon_Master_P4.a(I2C_I2C_MASTER.o)
 .debug_aranges
                0x000002a8       0x40 .\CortexM0\ARM_GCC_473\Debug\Simon_Master_P4.a(Start.o)
 .debug_aranges
                0x000002e8       0x28 .\CortexM0\ARM_GCC_473\Debug\Simon_Master_P4.a(LEDreg.o)
 .debug_aranges
                0x00000310       0x40 .\CortexM0\ARM_GCC_473\Debug\Simon_Master_P4.a(ResetHS.o)
 .debug_aranges
                0x00000350       0x40 .\CortexM0\ARM_GCC_473\Debug\Simon_Master_P4.a(Max.o)
 .debug_aranges
                0x00000390       0x80 .\CortexM0\ARM_GCC_473\Debug\Simon_Master_P4.a(I2C_SCB_IRQ.o)
 .debug_aranges
                0x00000410       0x40 .\CortexM0\ARM_GCC_473\Debug\Simon_Master_P4.a(I2C_scl.o)
 .debug_aranges
                0x00000450       0x20 .\CortexM0\ARM_GCC_473\Debug\Simon_Master_P4.a(CyBootAsmGnu.o)
 .debug_aranges
                0x00000470       0x28 .\CortexM0\ARM_GCC_473\Debug\Simon_Master_P4.a(CyFlash.o)
 .debug_aranges
                0x00000498      0x198 .\CortexM0\ARM_GCC_473\Debug\Simon_Master_P4.a(CyLib.o)
 .debug_aranges
                0x00000630       0x20 .\CortexM0\ARM_GCC_473\Debug\Simon_Master_P4.a(I2C_I2C_INT.o)

.debug_pubnames
 *(.debug_pubnames)

.debug_info     0x00000000     0x2f5e
 *(.debug_info .gnu.linkonce.wi.*)
 .debug_info    0x00000000      0x286 .\CortexM0\ARM_GCC_473\Debug\main.o
 .debug_info    0x00000286      0x100 .\CortexM0\ARM_GCC_473\Debug\cymetadata.o
 .debug_info    0x00000386      0x2be .\CortexM0\ARM_GCC_473\Debug\Cm0Start.o
 .debug_info    0x00000644      0x475 .\CortexM0\ARM_GCC_473\Debug\Simon_Master_P4.a(cyfitter_cfg.o)
 .debug_info    0x00000ab9      0x1bc .\CortexM0\ARM_GCC_473\Debug\Simon_Master_P4.a(EEPROM.o)
 .debug_info    0x00000c75      0x3dd .\CortexM0\ARM_GCC_473\Debug\Simon_Master_P4.a(LCD.o)
 .debug_info    0x00001052      0x197 .\CortexM0\ARM_GCC_473\Debug\Simon_Master_P4.a(I2C.o)
 .debug_info    0x000011e9      0x12c .\CortexM0\ARM_GCC_473\Debug\Simon_Master_P4.a(I2C_I2C.o)
 .debug_info    0x00001315      0x4b5 .\CortexM0\ARM_GCC_473\Debug\Simon_Master_P4.a(I2C_I2C_MASTER.o)
 .debug_info    0x000017ca      0x168 .\CortexM0\ARM_GCC_473\Debug\Simon_Master_P4.a(Start.o)
 .debug_info    0x00001932       0xe3 .\CortexM0\ARM_GCC_473\Debug\Simon_Master_P4.a(LEDreg.o)
 .debug_info    0x00001a15      0x168 .\CortexM0\ARM_GCC_473\Debug\Simon_Master_P4.a(ResetHS.o)
 .debug_info    0x00001b7d      0x168 .\CortexM0\ARM_GCC_473\Debug\Simon_Master_P4.a(Max.o)
 .debug_info    0x00001ce5      0x288 .\CortexM0\ARM_GCC_473\Debug\Simon_Master_P4.a(I2C_SCB_IRQ.o)
 .debug_info    0x00001f6d      0x168 .\CortexM0\ARM_GCC_473\Debug\Simon_Master_P4.a(I2C_scl.o)
 .debug_info    0x000020d5       0xc9 .\CortexM0\ARM_GCC_473\Debug\Simon_Master_P4.a(CyBootAsmGnu.o)
 .debug_info    0x0000219e      0x1a0 .\CortexM0\ARM_GCC_473\Debug\Simon_Master_P4.a(CyFlash.o)
 .debug_info    0x0000233e      0xa6b .\CortexM0\ARM_GCC_473\Debug\Simon_Master_P4.a(CyLib.o)
 .debug_info    0x00002da9      0x1b5 .\CortexM0\ARM_GCC_473\Debug\Simon_Master_P4.a(I2C_I2C_INT.o)

.debug_abbrev   0x00000000     0x109a
 *(.debug_abbrev)
 .debug_abbrev  0x00000000       0xf8 .\CortexM0\ARM_GCC_473\Debug\main.o
 .debug_abbrev  0x000000f8       0x5d .\CortexM0\ARM_GCC_473\Debug\cymetadata.o
 .debug_abbrev  0x00000155      0x164 .\CortexM0\ARM_GCC_473\Debug\Cm0Start.o
 .debug_abbrev  0x000002b9      0x18c .\CortexM0\ARM_GCC_473\Debug\Simon_Master_P4.a(cyfitter_cfg.o)
 .debug_abbrev  0x00000445       0xc1 .\CortexM0\ARM_GCC_473\Debug\Simon_Master_P4.a(EEPROM.o)
 .debug_abbrev  0x00000506      0x122 .\CortexM0\ARM_GCC_473\Debug\Simon_Master_P4.a(LCD.o)
 .debug_abbrev  0x00000628       0xc5 .\CortexM0\ARM_GCC_473\Debug\Simon_Master_P4.a(I2C.o)
 .debug_abbrev  0x000006ed       0x92 .\CortexM0\ARM_GCC_473\Debug\Simon_Master_P4.a(I2C_I2C.o)
 .debug_abbrev  0x0000077f      0x154 .\CortexM0\ARM_GCC_473\Debug\Simon_Master_P4.a(I2C_I2C_MASTER.o)
 .debug_abbrev  0x000008d3       0xac .\CortexM0\ARM_GCC_473\Debug\Simon_Master_P4.a(Start.o)
 .debug_abbrev  0x0000097f       0x83 .\CortexM0\ARM_GCC_473\Debug\Simon_Master_P4.a(LEDreg.o)
 .debug_abbrev  0x00000a02       0xac .\CortexM0\ARM_GCC_473\Debug\Simon_Master_P4.a(ResetHS.o)
 .debug_abbrev  0x00000aae       0xac .\CortexM0\ARM_GCC_473\Debug\Simon_Master_P4.a(Max.o)
 .debug_abbrev  0x00000b5a      0x16a .\CortexM0\ARM_GCC_473\Debug\Simon_Master_P4.a(I2C_SCB_IRQ.o)
 .debug_abbrev  0x00000cc4       0xac .\CortexM0\ARM_GCC_473\Debug\Simon_Master_P4.a(I2C_scl.o)
 .debug_abbrev  0x00000d70       0x14 .\CortexM0\ARM_GCC_473\Debug\Simon_Master_P4.a(CyBootAsmGnu.o)
 .debug_abbrev  0x00000d84       0xc3 .\CortexM0\ARM_GCC_473\Debug\Simon_Master_P4.a(CyFlash.o)
 .debug_abbrev  0x00000e47      0x1bc .\CortexM0\ARM_GCC_473\Debug\Simon_Master_P4.a(CyLib.o)
 .debug_abbrev  0x00001003       0x97 .\CortexM0\ARM_GCC_473\Debug\Simon_Master_P4.a(I2C_I2C_INT.o)

.debug_line     0x00000000     0x18b4
 *(.debug_line)
 .debug_line    0x00000000      0x1e7 .\CortexM0\ARM_GCC_473\Debug\main.o
 .debug_line    0x000001e7       0x53 .\CortexM0\ARM_GCC_473\Debug\cymetadata.o
 .debug_line    0x0000023a      0x193 .\CortexM0\ARM_GCC_473\Debug\Cm0Start.o
 .debug_line    0x000003cd      0x1b3 .\CortexM0\ARM_GCC_473\Debug\Simon_Master_P4.a(cyfitter_cfg.o)
 .debug_line    0x00000580       0xc5 .\CortexM0\ARM_GCC_473\Debug\Simon_Master_P4.a(EEPROM.o)
 .debug_line    0x00000645      0x1f0 .\CortexM0\ARM_GCC_473\Debug\Simon_Master_P4.a(LCD.o)
 .debug_line    0x00000835       0xdb .\CortexM0\ARM_GCC_473\Debug\Simon_Master_P4.a(I2C.o)
 .debug_line    0x00000910       0x9b .\CortexM0\ARM_GCC_473\Debug\Simon_Master_P4.a(I2C_I2C.o)
 .debug_line    0x000009ab      0x297 .\CortexM0\ARM_GCC_473\Debug\Simon_Master_P4.a(I2C_I2C_MASTER.o)
 .debug_line    0x00000c42       0xab .\CortexM0\ARM_GCC_473\Debug\Simon_Master_P4.a(Start.o)
 .debug_line    0x00000ced       0x71 .\CortexM0\ARM_GCC_473\Debug\Simon_Master_P4.a(LEDreg.o)
 .debug_line    0x00000d5e       0xad .\CortexM0\ARM_GCC_473\Debug\Simon_Master_P4.a(ResetHS.o)
 .debug_line    0x00000e0b       0xa9 .\CortexM0\ARM_GCC_473\Debug\Simon_Master_P4.a(Max.o)
 .debug_line    0x00000eb4      0x15a .\CortexM0\ARM_GCC_473\Debug\Simon_Master_P4.a(I2C_SCB_IRQ.o)
 .debug_line    0x0000100e       0xad .\CortexM0\ARM_GCC_473\Debug\Simon_Master_P4.a(I2C_scl.o)
 .debug_line    0x000010bb       0x68 .\CortexM0\ARM_GCC_473\Debug\Simon_Master_P4.a(CyBootAsmGnu.o)
 .debug_line    0x00001123       0xcf .\CortexM0\ARM_GCC_473\Debug\Simon_Master_P4.a(CyFlash.o)
 .debug_line    0x000011f2      0x527 .\CortexM0\ARM_GCC_473\Debug\Simon_Master_P4.a(CyLib.o)
 .debug_line    0x00001719      0x19b .\CortexM0\ARM_GCC_473\Debug\Simon_Master_P4.a(I2C_I2C_INT.o)

.debug_frame    0x00000000     0x1580
 *(.debug_frame)
 .debug_frame   0x00000000       0x90 .\CortexM0\ARM_GCC_473\Debug\main.o
 .debug_frame   0x00000090       0xa8 .\CortexM0\ARM_GCC_473\Debug\Cm0Start.o
 .debug_frame   0x00000138      0x108 .\CortexM0\ARM_GCC_473\Debug\Simon_Master_P4.a(cyfitter_cfg.o)
 .debug_frame   0x00000240       0x68 .\CortexM0\ARM_GCC_473\Debug\Simon_Master_P4.a(EEPROM.o)
 .debug_frame   0x000002a8      0x1e4 .\CortexM0\ARM_GCC_473\Debug\Simon_Master_P4.a(LCD.o)
 .debug_frame   0x0000048c       0xd8 .\CortexM0\ARM_GCC_473\Debug\Simon_Master_P4.a(I2C.o)
 .debug_frame   0x00000564       0x48 .\CortexM0\ARM_GCC_473\Debug\Simon_Master_P4.a(I2C_I2C.o)
 .debug_frame   0x000005ac      0x1d0 .\CortexM0\ARM_GCC_473\Debug\Simon_Master_P4.a(I2C_I2C_MASTER.o)
 .debug_frame   0x0000077c       0xa8 .\CortexM0\ARM_GCC_473\Debug\Simon_Master_P4.a(Start.o)
 .debug_frame   0x00000824       0x4c .\CortexM0\ARM_GCC_473\Debug\Simon_Master_P4.a(LEDreg.o)
 .debug_frame   0x00000870       0xa8 .\CortexM0\ARM_GCC_473\Debug\Simon_Master_P4.a(ResetHS.o)
 .debug_frame   0x00000918       0xa8 .\CortexM0\ARM_GCC_473\Debug\Simon_Master_P4.a(Max.o)
 .debug_frame   0x000009c0      0x190 .\CortexM0\ARM_GCC_473\Debug\Simon_Master_P4.a(I2C_SCB_IRQ.o)
 .debug_frame   0x00000b50       0xa8 .\CortexM0\ARM_GCC_473\Debug\Simon_Master_P4.a(I2C_scl.o)
 .debug_frame   0x00000bf8       0x54 .\CortexM0\ARM_GCC_473\Debug\Simon_Master_P4.a(CyFlash.o)
 .debug_frame   0x00000c4c      0x600 .\CortexM0\ARM_GCC_473\Debug\Simon_Master_P4.a(CyLib.o)
 .debug_frame   0x0000124c       0x34 .\CortexM0\ARM_GCC_473\Debug\Simon_Master_P4.a(I2C_I2C_INT.o)
 .debug_frame   0x00001280       0x20 c:/program files/cypress/psoc creator/3.0/psoc creator/import/gnu_cs/arm/4.7.3/bin/../lib/gcc/arm-none-eabi/4.7.3/armv6-m\libgcc.a(_udivsi3.o)
 .debug_frame   0x000012a0       0x20 c:/program files/cypress/psoc creator/3.0/psoc creator/import/gnu_cs/arm/4.7.3/bin/../lib/gcc/arm-none-eabi/4.7.3/armv6-m\libgcc.a(_divsi3.o)
 .debug_frame   0x000012c0       0x28 c:/program files/cypress/psoc creator/3.0/psoc creator/import/gnu_cs/arm/4.7.3/bin/../lib/gcc/arm-none-eabi/4.7.3/../../../../arm-none-eabi/lib/armv6-m\libc_s.a(lib_a-__atexit2.o)
 .debug_frame   0x000012e8       0x28 c:/program files/cypress/psoc creator/3.0/psoc creator/import/gnu_cs/arm/4.7.3/bin/../lib/gcc/arm-none-eabi/4.7.3/../../../../arm-none-eabi/lib/armv6-m\libc_s.a(lib_a-exit.o)
 .debug_frame   0x00001310       0x2c c:/program files/cypress/psoc creator/3.0/psoc creator/import/gnu_cs/arm/4.7.3/bin/../lib/gcc/arm-none-eabi/4.7.3/../../../../arm-none-eabi/lib/armv6-m\libc_s.a(lib_a-fini.o)
 .debug_frame   0x0000133c       0x2c c:/program files/cypress/psoc creator/3.0/psoc creator/import/gnu_cs/arm/4.7.3/bin/../lib/gcc/arm-none-eabi/4.7.3/../../../../arm-none-eabi/lib/armv6-m\libc_s.a(lib_a-init.o)
 .debug_frame   0x00001368       0x28 c:/program files/cypress/psoc creator/3.0/psoc creator/import/gnu_cs/arm/4.7.3/bin/../lib/gcc/arm-none-eabi/4.7.3/../../../../arm-none-eabi/lib/armv6-m\libc_s.a(lib_a-memcpy.o)
 .debug_frame   0x00001390       0x28 c:/program files/cypress/psoc creator/3.0/psoc creator/import/gnu_cs/arm/4.7.3/bin/../lib/gcc/arm-none-eabi/4.7.3/../../../../arm-none-eabi/lib/armv6-m\libc_s.a(lib_a-memset.o)
 .debug_frame   0x000013b8       0x48 c:/program files/cypress/psoc creator/3.0/psoc creator/import/gnu_cs/arm/4.7.3/bin/../lib/gcc/arm-none-eabi/4.7.3/../../../../arm-none-eabi/lib/armv6-m\libc_s.a(lib_a-rand.o)
 .debug_frame   0x00001400       0x40 c:/program files/cypress/psoc creator/3.0/psoc creator/import/gnu_cs/arm/4.7.3/bin/../lib/gcc/arm-none-eabi/4.7.3/../../../../arm-none-eabi/lib/armv6-m\libc_s.a(lib_a-malloc.o)
 .debug_frame   0x00001440       0x2c c:/program files/cypress/psoc creator/3.0/psoc creator/import/gnu_cs/arm/4.7.3/bin/../lib/gcc/arm-none-eabi/4.7.3/../../../../arm-none-eabi/lib/armv6-m\libc_s.a(lib_a-mallocr.o)
 .debug_frame   0x0000146c       0x2c c:/program files/cypress/psoc creator/3.0/psoc creator/import/gnu_cs/arm/4.7.3/bin/../lib/gcc/arm-none-eabi/4.7.3/../../../../arm-none-eabi/lib/armv6-m\libc_s.a(lib_a-sbrkr.o)
 .debug_frame   0x00001498       0x2c c:/program files/cypress/psoc creator/3.0/psoc creator/import/gnu_cs/arm/4.7.3/bin/../lib/gcc/arm-none-eabi/4.7.3/../../../../arm-none-eabi/lib/armv6-m\libc_s.a(lib_a-freer.o)
 .debug_frame   0x000014c4       0x64 c:/program files/cypress/psoc creator/3.0/psoc creator/import/gnu_cs/arm/4.7.3/bin/../lib/gcc/arm-none-eabi/4.7.3/../../../../arm-none-eabi/lib/armv6-m\libc_s.a(lib_a-reent.o)
 .debug_frame   0x00001528       0x30 c:/program files/cypress/psoc creator/3.0/psoc creator/import/gnu_cs/arm/4.7.3/bin/../lib/gcc/arm-none-eabi/4.7.3/armv6-m\libgcc.a(_muldi3.o)
 .debug_frame   0x00001558       0x28 c:/program files/cypress/psoc creator/3.0/psoc creator/import/gnu_cs/arm/4.7.3/bin/../lib/gcc/arm-none-eabi/4.7.3/../../../../arm-none-eabi/lib/armv6-m\libnosys.a(sbrk.o)

.debug_str      0x00000000     0x1372
 *(.debug_str)
 .debug_str     0x00000000      0x1f9 .\CortexM0\ARM_GCC_473\Debug\main.o
                                0x241 (size before relaxing)
 .debug_str     0x000001f9       0x5b .\CortexM0\ARM_GCC_473\Debug\cymetadata.o
                                0x1c2 (size before relaxing)
 .debug_str     0x00000254      0x10a .\CortexM0\ARM_GCC_473\Debug\Cm0Start.o
                                0x28b (size before relaxing)
 .debug_str     0x0000035e      0x199 .\CortexM0\ARM_GCC_473\Debug\Simon_Master_P4.a(cyfitter_cfg.o)
                                0x34a (size before relaxing)
 .debug_str     0x000004f7       0xac .\CortexM0\ARM_GCC_473\Debug\Simon_Master_P4.a(EEPROM.o)
                                0x21f (size before relaxing)
 .debug_str     0x000005a3      0x161 .\CortexM0\ARM_GCC_473\Debug\Simon_Master_P4.a(LCD.o)
                                0x2e8 (size before relaxing)
 .debug_str     0x00000704       0xad .\CortexM0\ARM_GCC_473\Debug\Simon_Master_P4.a(I2C.o)
                                0x22e (size before relaxing)
 .debug_str     0x000007b1       0x7a .\CortexM0\ARM_GCC_473\Debug\Simon_Master_P4.a(I2C_I2C.o)
                                0x1f5 (size before relaxing)
 .debug_str     0x0000082b      0x22c .\CortexM0\ARM_GCC_473\Debug\Simon_Master_P4.a(I2C_I2C_MASTER.o)
                                0x3fb (size before relaxing)
 .debug_str     0x00000a57       0x85 .\CortexM0\ARM_GCC_473\Debug\Simon_Master_P4.a(Start.o)
                                0x1fb (size before relaxing)
 .debug_str     0x00000adc       0x43 .\CortexM0\ARM_GCC_473\Debug\Simon_Master_P4.a(LEDreg.o)
                                0x1a6 (size before relaxing)
 .debug_str     0x00000b1f       0x7e .\CortexM0\ARM_GCC_473\Debug\Simon_Master_P4.a(ResetHS.o)
                                0x207 (size before relaxing)
 .debug_str     0x00000b9d       0x66 .\CortexM0\ARM_GCC_473\Debug\Simon_Master_P4.a(Max.o)
                                0x1ef (size before relaxing)
 .debug_str     0x00000c03      0x163 .\CortexM0\ARM_GCC_473\Debug\Simon_Master_P4.a(I2C_SCB_IRQ.o)
                                0x2f9 (size before relaxing)
 .debug_str     0x00000d66       0x7e .\CortexM0\ARM_GCC_473\Debug\Simon_Master_P4.a(I2C_scl.o)
                                0x207 (size before relaxing)
 .debug_str     0x00000de4       0x86 .\CortexM0\ARM_GCC_473\Debug\Simon_Master_P4.a(CyFlash.o)
                                0x217 (size before relaxing)
 .debug_str     0x00000e6a      0x4bf .\CortexM0\ARM_GCC_473\Debug\Simon_Master_P4.a(CyLib.o)
                                0x683 (size before relaxing)
 .debug_str     0x00001329       0x49 .\CortexM0\ARM_GCC_473\Debug\Simon_Master_P4.a(I2C_I2C_INT.o)
                                0x2a3 (size before relaxing)

.debug_loc      0x00000000     0x1d0a
 *(.debug_loc)
 .debug_loc     0x00000000       0xd6 .\CortexM0\ARM_GCC_473\Debug\main.o
 .debug_loc     0x000000d6      0x100 .\CortexM0\ARM_GCC_473\Debug\Cm0Start.o
 .debug_loc     0x000001d6      0x1a8 .\CortexM0\ARM_GCC_473\Debug\Simon_Master_P4.a(cyfitter_cfg.o)
 .debug_loc     0x0000037e       0x92 .\CortexM0\ARM_GCC_473\Debug\Simon_Master_P4.a(EEPROM.o)
 .debug_loc     0x00000410      0x318 .\CortexM0\ARM_GCC_473\Debug\Simon_Master_P4.a(LCD.o)
 .debug_loc     0x00000728      0x140 .\CortexM0\ARM_GCC_473\Debug\Simon_Master_P4.a(I2C.o)
 .debug_loc     0x00000868       0x58 .\CortexM0\ARM_GCC_473\Debug\Simon_Master_P4.a(I2C_I2C.o)
 .debug_loc     0x000008c0      0x2d4 .\CortexM0\ARM_GCC_473\Debug\Simon_Master_P4.a(I2C_I2C_MASTER.o)
 .debug_loc     0x00000b94      0x100 .\CortexM0\ARM_GCC_473\Debug\Simon_Master_P4.a(Start.o)
 .debug_loc     0x00000c94       0x64 .\CortexM0\ARM_GCC_473\Debug\Simon_Master_P4.a(LEDreg.o)
 .debug_loc     0x00000cf8      0x100 .\CortexM0\ARM_GCC_473\Debug\Simon_Master_P4.a(ResetHS.o)
 .debug_loc     0x00000df8      0x100 .\CortexM0\ARM_GCC_473\Debug\Simon_Master_P4.a(Max.o)
 .debug_loc     0x00000ef8      0x26c .\CortexM0\ARM_GCC_473\Debug\Simon_Master_P4.a(I2C_SCB_IRQ.o)
 .debug_loc     0x00001164      0x100 .\CortexM0\ARM_GCC_473\Debug\Simon_Master_P4.a(I2C_scl.o)
 .debug_loc     0x00001264       0x72 .\CortexM0\ARM_GCC_473\Debug\Simon_Master_P4.a(CyFlash.o)
 .debug_loc     0x000012d6      0x9fc .\CortexM0\ARM_GCC_473\Debug\Simon_Master_P4.a(CyLib.o)
 .debug_loc     0x00001cd2       0x38 .\CortexM0\ARM_GCC_473\Debug\Simon_Master_P4.a(I2C_I2C_INT.o)

.debug_macinfo
 *(.debug_macinfo)

.debug_ranges   0x00000000      0x508
 *(.debug_ranges)
 .debug_ranges  0x00000000       0x28 .\CortexM0\ARM_GCC_473\Debug\main.o
 .debug_ranges  0x00000028       0x30 .\CortexM0\ARM_GCC_473\Debug\Cm0Start.o
 .debug_ranges  0x00000058       0x48 .\CortexM0\ARM_GCC_473\Debug\Simon_Master_P4.a(cyfitter_cfg.o)
 .debug_ranges  0x000000a0       0x20 .\CortexM0\ARM_GCC_473\Debug\Simon_Master_P4.a(EEPROM.o)
 .debug_ranges  0x000000c0       0x80 .\CortexM0\ARM_GCC_473\Debug\Simon_Master_P4.a(LCD.o)
 .debug_ranges  0x00000140       0x40 .\CortexM0\ARM_GCC_473\Debug\Simon_Master_P4.a(I2C.o)
 .debug_ranges  0x00000180       0x18 .\CortexM0\ARM_GCC_473\Debug\Simon_Master_P4.a(I2C_I2C.o)
 .debug_ranges  0x00000198       0x78 .\CortexM0\ARM_GCC_473\Debug\Simon_Master_P4.a(I2C_I2C_MASTER.o)
 .debug_ranges  0x00000210       0x30 .\CortexM0\ARM_GCC_473\Debug\Simon_Master_P4.a(Start.o)
 .debug_ranges  0x00000240       0x18 .\CortexM0\ARM_GCC_473\Debug\Simon_Master_P4.a(LEDreg.o)
 .debug_ranges  0x00000258       0x30 .\CortexM0\ARM_GCC_473\Debug\Simon_Master_P4.a(ResetHS.o)
 .debug_ranges  0x00000288       0x30 .\CortexM0\ARM_GCC_473\Debug\Simon_Master_P4.a(Max.o)
 .debug_ranges  0x000002b8       0x70 .\CortexM0\ARM_GCC_473\Debug\Simon_Master_P4.a(I2C_SCB_IRQ.o)
 .debug_ranges  0x00000328       0x30 .\CortexM0\ARM_GCC_473\Debug\Simon_Master_P4.a(I2C_scl.o)
 .debug_ranges  0x00000358       0x18 .\CortexM0\ARM_GCC_473\Debug\Simon_Master_P4.a(CyFlash.o)
 .debug_ranges  0x00000370      0x188 .\CortexM0\ARM_GCC_473\Debug\Simon_Master_P4.a(CyLib.o)
 .debug_ranges  0x000004f8       0x10 .\CortexM0\ARM_GCC_473\Debug\Simon_Master_P4.a(I2C_I2C_INT.o)

.comment        0x00000000       0x70
 .comment       0x00000000       0x70 .\CortexM0\ARM_GCC_473\Debug\main.o
                                 0x71 (size before relaxing)
 .comment       0x00000000       0x71 .\CortexM0\ARM_GCC_473\Debug\cymetadata.o
 .comment       0x00000000       0x71 .\CortexM0\ARM_GCC_473\Debug\Cm0Start.o
 .comment       0x00000000       0x71 .\CortexM0\ARM_GCC_473\Debug\Simon_Master_P4.a(cyfitter_cfg.o)
 .comment       0x00000000       0x71 .\CortexM0\ARM_GCC_473\Debug\Simon_Master_P4.a(EEPROM.o)
 .comment       0x00000000       0x71 .\CortexM0\ARM_GCC_473\Debug\Simon_Master_P4.a(LCD.o)
 .comment       0x00000000       0x71 .\CortexM0\ARM_GCC_473\Debug\Simon_Master_P4.a(I2C.o)
 .comment       0x00000000       0x71 .\CortexM0\ARM_GCC_473\Debug\Simon_Master_P4.a(I2C_I2C.o)
 .comment       0x00000000       0x71 .\CortexM0\ARM_GCC_473\Debug\Simon_Master_P4.a(I2C_I2C_MASTER.o)
 .comment       0x00000000       0x71 .\CortexM0\ARM_GCC_473\Debug\Simon_Master_P4.a(Start.o)
 .comment       0x00000000       0x71 .\CortexM0\ARM_GCC_473\Debug\Simon_Master_P4.a(LEDreg.o)
 .comment       0x00000000       0x71 .\CortexM0\ARM_GCC_473\Debug\Simon_Master_P4.a(ResetHS.o)
 .comment       0x00000000       0x71 .\CortexM0\ARM_GCC_473\Debug\Simon_Master_P4.a(Max.o)
 .comment       0x00000000       0x71 .\CortexM0\ARM_GCC_473\Debug\Simon_Master_P4.a(I2C_SCB_IRQ.o)
 .comment       0x00000000       0x71 .\CortexM0\ARM_GCC_473\Debug\Simon_Master_P4.a(I2C_scl.o)
 .comment       0x00000000       0x71 .\CortexM0\ARM_GCC_473\Debug\Simon_Master_P4.a(CyFlash.o)
 .comment       0x00000000       0x71 .\CortexM0\ARM_GCC_473\Debug\Simon_Master_P4.a(CyLib.o)
 .comment       0x00000000       0x71 .\CortexM0\ARM_GCC_473\Debug\Simon_Master_P4.a(I2C_I2C_INT.o)

.debug_weaknames
 *(.debug_weaknames)

.debug_funcnames
 *(.debug_funcnames)

.debug_typenames
 *(.debug_typenames)

.debug_varnames
 *(.debug_varnames)

.note.gnu.arm.ident
 *(.note.gnu.arm.ident)

.ARM.attributes
                0x00000000       0x28
 *(.ARM.attributes)
 .ARM.attributes
                0x00000000       0x1e c:/program files/cypress/psoc creator/3.0/psoc creator/import/gnu_cs/arm/4.7.3/bin/../lib/gcc/arm-none-eabi/4.7.3/armv6-m/crti.o
 .ARM.attributes
                0x0000001e       0x2c c:/program files/cypress/psoc creator/3.0/psoc creator/import/gnu_cs/arm/4.7.3/bin/../lib/gcc/arm-none-eabi/4.7.3/armv6-m/crtbegin.o
 .ARM.attributes
                0x0000004a       0x1c c:/program files/cypress/psoc creator/3.0/psoc creator/import/gnu_cs/arm/4.7.3/bin/../lib/gcc/arm-none-eabi/4.7.3/../../../../arm-none-eabi/lib/armv6-m/crt0.o
 .ARM.attributes
                0x00000066       0x31 .\CortexM0\ARM_GCC_473\Debug\main.o
 .ARM.attributes
                0x00000097       0x31 .\CortexM0\ARM_GCC_473\Debug\cymetadata.o
 .ARM.attributes
                0x000000c8       0x31 .\CortexM0\ARM_GCC_473\Debug\Cm0Start.o
 .ARM.attributes
                0x000000f9       0x31 .\CortexM0\ARM_GCC_473\Debug\Simon_Master_P4.a(cyfitter_cfg.o)
 .ARM.attributes
                0x0000012a       0x31 .\CortexM0\ARM_GCC_473\Debug\Simon_Master_P4.a(EEPROM.o)
 .ARM.attributes
                0x0000015b       0x31 .\CortexM0\ARM_GCC_473\Debug\Simon_Master_P4.a(LCD.o)
 .ARM.attributes
                0x0000018c       0x31 .\CortexM0\ARM_GCC_473\Debug\Simon_Master_P4.a(I2C.o)
 .ARM.attributes
                0x000001bd       0x31 .\CortexM0\ARM_GCC_473\Debug\Simon_Master_P4.a(I2C_I2C.o)
 .ARM.attributes
                0x000001ee       0x31 .\CortexM0\ARM_GCC_473\Debug\Simon_Master_P4.a(I2C_I2C_MASTER.o)
 .ARM.attributes
                0x0000021f       0x31 .\CortexM0\ARM_GCC_473\Debug\Simon_Master_P4.a(Start.o)
 .ARM.attributes
                0x00000250       0x31 .\CortexM0\ARM_GCC_473\Debug\Simon_Master_P4.a(LEDreg.o)
 .ARM.attributes
                0x00000281       0x31 .\CortexM0\ARM_GCC_473\Debug\Simon_Master_P4.a(ResetHS.o)
 .ARM.attributes
                0x000002b2       0x31 .\CortexM0\ARM_GCC_473\Debug\Simon_Master_P4.a(Max.o)
 .ARM.attributes
                0x000002e3       0x31 .\CortexM0\ARM_GCC_473\Debug\Simon_Master_P4.a(I2C_SCB_IRQ.o)
 .ARM.attributes
                0x00000314       0x31 .\CortexM0\ARM_GCC_473\Debug\Simon_Master_P4.a(I2C_scl.o)
 .ARM.attributes
                0x00000345       0x21 .\CortexM0\ARM_GCC_473\Debug\Simon_Master_P4.a(CyBootAsmGnu.o)
 .ARM.attributes
                0x00000366       0x31 .\CortexM0\ARM_GCC_473\Debug\Simon_Master_P4.a(CyFlash.o)
 .ARM.attributes
                0x00000397       0x31 .\CortexM0\ARM_GCC_473\Debug\Simon_Master_P4.a(CyLib.o)
 .ARM.attributes
                0x000003c8       0x31 .\CortexM0\ARM_GCC_473\Debug\Simon_Master_P4.a(I2C_I2C_INT.o)
 .ARM.attributes
                0x000003f9       0x1e c:/program files/cypress/psoc creator/3.0/psoc creator/import/gnu_cs/arm/4.7.3/bin/../lib/gcc/arm-none-eabi/4.7.3/armv6-m\libgcc.a(_udivsi3.o)
 .ARM.attributes
                0x00000417       0x1e c:/program files/cypress/psoc creator/3.0/psoc creator/import/gnu_cs/arm/4.7.3/bin/../lib/gcc/arm-none-eabi/4.7.3/armv6-m\libgcc.a(_divsi3.o)
 .ARM.attributes
                0x00000435       0x1e c:/program files/cypress/psoc creator/3.0/psoc creator/import/gnu_cs/arm/4.7.3/bin/../lib/gcc/arm-none-eabi/4.7.3/armv6-m\libgcc.a(_dvmd_tls.o)
 .ARM.attributes
                0x00000453       0x2c c:/program files/cypress/psoc creator/3.0/psoc creator/import/gnu_cs/arm/4.7.3/bin/../lib/gcc/arm-none-eabi/4.7.3/../../../../arm-none-eabi/lib/armv6-m\libc_s.a(lib_a-__atexit2.o)
 .ARM.attributes
                0x0000047f       0x2c c:/program files/cypress/psoc creator/3.0/psoc creator/import/gnu_cs/arm/4.7.3/bin/../lib/gcc/arm-none-eabi/4.7.3/../../../../arm-none-eabi/lib/armv6-m\libc_s.a(lib_a-exit.o)
 .ARM.attributes
                0x000004ab       0x2c c:/program files/cypress/psoc creator/3.0/psoc creator/import/gnu_cs/arm/4.7.3/bin/../lib/gcc/arm-none-eabi/4.7.3/../../../../arm-none-eabi/lib/armv6-m\libc_s.a(lib_a-fini.o)
 .ARM.attributes
                0x000004d7       0x2c c:/program files/cypress/psoc creator/3.0/psoc creator/import/gnu_cs/arm/4.7.3/bin/../lib/gcc/arm-none-eabi/4.7.3/../../../../arm-none-eabi/lib/armv6-m\libc_s.a(lib_a-impure.o)
 .ARM.attributes
                0x00000503       0x2c c:/program files/cypress/psoc creator/3.0/psoc creator/import/gnu_cs/arm/4.7.3/bin/../lib/gcc/arm-none-eabi/4.7.3/../../../../arm-none-eabi/lib/armv6-m\libc_s.a(lib_a-init.o)
 .ARM.attributes
                0x0000052f       0x2c c:/program files/cypress/psoc creator/3.0/psoc creator/import/gnu_cs/arm/4.7.3/bin/../lib/gcc/arm-none-eabi/4.7.3/../../../../arm-none-eabi/lib/armv6-m\libc_s.a(lib_a-memcpy.o)
 .ARM.attributes
                0x0000055b       0x2c c:/program files/cypress/psoc creator/3.0/psoc creator/import/gnu_cs/arm/4.7.3/bin/../lib/gcc/arm-none-eabi/4.7.3/../../../../arm-none-eabi/lib/armv6-m\libc_s.a(lib_a-memset.o)
 .ARM.attributes
                0x00000587       0x2c c:/program files/cypress/psoc creator/3.0/psoc creator/import/gnu_cs/arm/4.7.3/bin/../lib/gcc/arm-none-eabi/4.7.3/../../../../arm-none-eabi/lib/armv6-m\libc_s.a(lib_a-rand.o)
 .ARM.attributes
                0x000005b3       0x2c c:/program files/cypress/psoc creator/3.0/psoc creator/import/gnu_cs/arm/4.7.3/bin/../lib/gcc/arm-none-eabi/4.7.3/../../../../arm-none-eabi/lib/armv6-m\libc_s.a(lib_a-malloc.o)
 .ARM.attributes
                0x000005df       0x2c c:/program files/cypress/psoc creator/3.0/psoc creator/import/gnu_cs/arm/4.7.3/bin/../lib/gcc/arm-none-eabi/4.7.3/../../../../arm-none-eabi/lib/armv6-m\libc_s.a(lib_a-mallocr.o)
 .ARM.attributes
                0x0000060b       0x2c c:/program files/cypress/psoc creator/3.0/psoc creator/import/gnu_cs/arm/4.7.3/bin/../lib/gcc/arm-none-eabi/4.7.3/../../../../arm-none-eabi/lib/armv6-m\libc_s.a(lib_a-sbrkr.o)
 .ARM.attributes
                0x00000637       0x2c c:/program files/cypress/psoc creator/3.0/psoc creator/import/gnu_cs/arm/4.7.3/bin/../lib/gcc/arm-none-eabi/4.7.3/../../../../arm-none-eabi/lib/armv6-m\libc_s.a(lib_a-freer.o)
 .ARM.attributes
                0x00000663       0x2c c:/program files/cypress/psoc creator/3.0/psoc creator/import/gnu_cs/arm/4.7.3/bin/../lib/gcc/arm-none-eabi/4.7.3/../../../../arm-none-eabi/lib/armv6-m\libc_s.a(lib_a-reent.o)
 .ARM.attributes
                0x0000068f       0x2c c:/program files/cypress/psoc creator/3.0/psoc creator/import/gnu_cs/arm/4.7.3/bin/../lib/gcc/arm-none-eabi/4.7.3/armv6-m\libgcc.a(_muldi3.o)
 .ARM.attributes
                0x000006bb       0x2c c:/program files/cypress/psoc creator/3.0/psoc creator/import/gnu_cs/arm/4.7.3/bin/../lib/gcc/arm-none-eabi/4.7.3/armv6-m/crtend.o
 .ARM.attributes
                0x000006e7       0x1e c:/program files/cypress/psoc creator/3.0/psoc creator/import/gnu_cs/arm/4.7.3/bin/../lib/gcc/arm-none-eabi/4.7.3/armv6-m/crtn.o
 .ARM.attributes
                0x00000705       0x2c c:/program files/cypress/psoc creator/3.0/psoc creator/import/gnu_cs/arm/4.7.3/bin/../lib/gcc/arm-none-eabi/4.7.3/../../../../arm-none-eabi/lib/armv6-m\libnosys.a(sbrk.o)

/DISCARD/
 *(.note.GNU-stack)
OUTPUT(.\CortexM0\ARM_GCC_473\Debug\Simon_Master_P4.elf elf32-littlearm)
